###############################################################################
#
# IAR ELF Linker V7.40.3.8902/W32 for ARM                 26/Dec/2016  11:51:20
# Copyright 2007-2015 IAR Systems AB.
#
#    Output file  =  
#        D:\STM32F429I-Discovery_FW_V1.0.1\STM32F429I-Discovery_FW_V1.0.1\Projects\Demonstration\EWARM\STM32F429I-Discovery_Demo\Exe\STM32F429I-Discovery_Demo.out
#    Map file     =  
#        D:\STM32F429I-Discovery_FW_V1.0.1\STM32F429I-Discovery_FW_V1.0.1\Projects\Demonstration\EWARM\STM32F429I-Discovery_Demo\List\STM32F429I-Discovery_Demo.map
#    Command line =  
#        D:\STM32F429I-Discovery_FW_V1.0.1\STM32F429I-Discovery_FW_V1.0.1\Projects\Demonstration\EWARM\STM32F429I-Discovery_Demo\Obj\bsp.o
#        D:\STM32F429I-Discovery_FW_V1.0.1\STM32F429I-Discovery_FW_V1.0.1\Projects\Demonstration\EWARM\STM32F429I-Discovery_Demo\Obj\common_res.o
#        D:\STM32F429I-Discovery_FW_V1.0.1\STM32F429I-Discovery_FW_V1.0.1\Projects\Demonstration\EWARM\STM32F429I-Discovery_Demo\Obj\cpu_utils.o
#        D:\STM32F429I-Discovery_FW_V1.0.1\STM32F429I-Discovery_FW_V1.0.1\Projects\Demonstration\EWARM\STM32F429I-Discovery_Demo\Obj\croutine.o
#        D:\STM32F429I-Discovery_FW_V1.0.1\STM32F429I-Discovery_FW_V1.0.1\Projects\Demonstration\EWARM\STM32F429I-Discovery_Demo\Obj\demo_clock.o
#        D:\STM32F429I-Discovery_FW_V1.0.1\STM32F429I-Discovery_FW_V1.0.1\Projects\Demonstration\EWARM\STM32F429I-Discovery_Demo\Obj\demo_cpu.o
#        D:\STM32F429I-Discovery_FW_V1.0.1\STM32F429I-Discovery_FW_V1.0.1\Projects\Demonstration\EWARM\STM32F429I-Discovery_Demo\Obj\demo_game.o
#        D:\STM32F429I-Discovery_FW_V1.0.1\STM32F429I-Discovery_FW_V1.0.1\Projects\Demonstration\EWARM\STM32F429I-Discovery_Demo\Obj\demo_image.o
#        D:\STM32F429I-Discovery_FW_V1.0.1\STM32F429I-Discovery_FW_V1.0.1\Projects\Demonstration\EWARM\STM32F429I-Discovery_Demo\Obj\demo_menu.o
#        D:\STM32F429I-Discovery_FW_V1.0.1\STM32F429I-Discovery_FW_V1.0.1\Projects\Demonstration\EWARM\STM32F429I-Discovery_Demo\Obj\demo_startup.o
#        D:\STM32F429I-Discovery_FW_V1.0.1\STM32F429I-Discovery_FW_V1.0.1\Projects\Demonstration\EWARM\STM32F429I-Discovery_Demo\Obj\demo_systeminfo.o
#        D:\STM32F429I-Discovery_FW_V1.0.1\STM32F429I-Discovery_FW_V1.0.1\Projects\Demonstration\EWARM\STM32F429I-Discovery_Demo\Obj\demo_video.o
#        D:\STM32F429I-Discovery_FW_V1.0.1\STM32F429I-Discovery_FW_V1.0.1\Projects\Demonstration\EWARM\STM32F429I-Discovery_Demo\Obj\fatfs_drv.o
#        D:\STM32F429I-Discovery_FW_V1.0.1\STM32F429I-Discovery_FW_V1.0.1\Projects\Demonstration\EWARM\STM32F429I-Discovery_Demo\Obj\ff.o
#        D:\STM32F429I-Discovery_FW_V1.0.1\STM32F429I-Discovery_FW_V1.0.1\Projects\Demonstration\EWARM\STM32F429I-Discovery_Demo\Obj\file_utils.o
#        D:\STM32F429I-Discovery_FW_V1.0.1\STM32F429I-Discovery_FW_V1.0.1\Projects\Demonstration\EWARM\STM32F429I-Discovery_Demo\Obj\GUI_X_FreeRTOS.o
#        D:\STM32F429I-Discovery_FW_V1.0.1\STM32F429I-Discovery_FW_V1.0.1\Projects\Demonstration\EWARM\STM32F429I-Discovery_Demo\Obj\GUIConf.o
#        D:\STM32F429I-Discovery_FW_V1.0.1\STM32F429I-Discovery_FW_V1.0.1\Projects\Demonstration\EWARM\STM32F429I-Discovery_Demo\Obj\GUIDRV_stm32f429i_discovery.o
#        D:\STM32F429I-Discovery_FW_V1.0.1\STM32F429I-Discovery_FW_V1.0.1\Projects\Demonstration\EWARM\STM32F429I-Discovery_Demo\Obj\heap_2.o
#        D:\STM32F429I-Discovery_FW_V1.0.1\STM32F429I-Discovery_FW_V1.0.1\Projects\Demonstration\EWARM\STM32F429I-Discovery_Demo\Obj\list.o
#        D:\STM32F429I-Discovery_FW_V1.0.1\STM32F429I-Discovery_FW_V1.0.1\Projects\Demonstration\EWARM\STM32F429I-Discovery_Demo\Obj\main.o
#        D:\STM32F429I-Discovery_FW_V1.0.1\STM32F429I-Discovery_FW_V1.0.1\Projects\Demonstration\EWARM\STM32F429I-Discovery_Demo\Obj\misc.o
#        D:\STM32F429I-Discovery_FW_V1.0.1\STM32F429I-Discovery_FW_V1.0.1\Projects\Demonstration\EWARM\STM32F429I-Discovery_Demo\Obj\port_cm4.o
#        D:\STM32F429I-Discovery_FW_V1.0.1\STM32F429I-Discovery_FW_V1.0.1\Projects\Demonstration\EWARM\STM32F429I-Discovery_Demo\Obj\portasm_cm4.o
#        D:\STM32F429I-Discovery_FW_V1.0.1\STM32F429I-Discovery_FW_V1.0.1\Projects\Demonstration\EWARM\STM32F429I-Discovery_Demo\Obj\queue.o
#        D:\STM32F429I-Discovery_FW_V1.0.1\STM32F429I-Discovery_FW_V1.0.1\Projects\Demonstration\EWARM\STM32F429I-Discovery_Demo\Obj\rtc.o
#        D:\STM32F429I-Discovery_FW_V1.0.1\STM32F429I-Discovery_FW_V1.0.1\Projects\Demonstration\EWARM\STM32F429I-Discovery_Demo\Obj\startup_stm32f429_439xx.o
#        D:\STM32F429I-Discovery_FW_V1.0.1\STM32F429I-Discovery_FW_V1.0.1\Libraries\STemWinLibrary522_4x9i\Lib\STemWin522_4x9i_CM4_OS_IAR.a
#        D:\STM32F429I-Discovery_FW_V1.0.1\STM32F429I-Discovery_FW_V1.0.1\Projects\Demonstration\EWARM\STM32F429I-Discovery_Demo\Obj\stm32f429i_discovery.o
#        D:\STM32F429I-Discovery_FW_V1.0.1\STM32F429I-Discovery_FW_V1.0.1\Projects\Demonstration\EWARM\STM32F429I-Discovery_Demo\Obj\stm32f429i_discovery_ioe.o
#        D:\STM32F429I-Discovery_FW_V1.0.1\STM32F429I-Discovery_FW_V1.0.1\Projects\Demonstration\EWARM\STM32F429I-Discovery_Demo\Obj\stm32f429i_discovery_l3gd20.o
#        D:\STM32F429I-Discovery_FW_V1.0.1\STM32F429I-Discovery_FW_V1.0.1\Projects\Demonstration\EWARM\STM32F429I-Discovery_Demo\Obj\stm32f429i_discovery_lcd.o
#        D:\STM32F429I-Discovery_FW_V1.0.1\STM32F429I-Discovery_FW_V1.0.1\Projects\Demonstration\EWARM\STM32F429I-Discovery_Demo\Obj\stm32f429i_discovery_sdram.o
#        D:\STM32F429I-Discovery_FW_V1.0.1\STM32F429I-Discovery_FW_V1.0.1\Projects\Demonstration\EWARM\STM32F429I-Discovery_Demo\Obj\stm32f4xx_adc.o
#        D:\STM32F429I-Discovery_FW_V1.0.1\STM32F429I-Discovery_FW_V1.0.1\Projects\Demonstration\EWARM\STM32F429I-Discovery_Demo\Obj\stm32f4xx_dcmi.o
#        D:\STM32F429I-Discovery_FW_V1.0.1\STM32F429I-Discovery_FW_V1.0.1\Projects\Demonstration\EWARM\STM32F429I-Discovery_Demo\Obj\stm32f4xx_dma.o
#        D:\STM32F429I-Discovery_FW_V1.0.1\STM32F429I-Discovery_FW_V1.0.1\Projects\Demonstration\EWARM\STM32F429I-Discovery_Demo\Obj\stm32f4xx_dma2d.o
#        D:\STM32F429I-Discovery_FW_V1.0.1\STM32F429I-Discovery_FW_V1.0.1\Projects\Demonstration\EWARM\STM32F429I-Discovery_Demo\Obj\stm32f4xx_exti.o
#        D:\STM32F429I-Discovery_FW_V1.0.1\STM32F429I-Discovery_FW_V1.0.1\Projects\Demonstration\EWARM\STM32F429I-Discovery_Demo\Obj\stm32f4xx_flash.o
#        D:\STM32F429I-Discovery_FW_V1.0.1\STM32F429I-Discovery_FW_V1.0.1\Projects\Demonstration\EWARM\STM32F429I-Discovery_Demo\Obj\stm32f4xx_fmc.o
#        D:\STM32F429I-Discovery_FW_V1.0.1\STM32F429I-Discovery_FW_V1.0.1\Projects\Demonstration\EWARM\STM32F429I-Discovery_Demo\Obj\stm32f4xx_gpio.o
#        D:\STM32F429I-Discovery_FW_V1.0.1\STM32F429I-Discovery_FW_V1.0.1\Projects\Demonstration\EWARM\STM32F429I-Discovery_Demo\Obj\stm32f4xx_i2c.o
#        D:\STM32F429I-Discovery_FW_V1.0.1\STM32F429I-Discovery_FW_V1.0.1\Projects\Demonstration\EWARM\STM32F429I-Discovery_Demo\Obj\stm32f4xx_ltdc.o
#        D:\STM32F429I-Discovery_FW_V1.0.1\STM32F429I-Discovery_FW_V1.0.1\Projects\Demonstration\EWARM\STM32F429I-Discovery_Demo\Obj\stm32f4xx_pwr.o
#        D:\STM32F429I-Discovery_FW_V1.0.1\STM32F429I-Discovery_FW_V1.0.1\Projects\Demonstration\EWARM\STM32F429I-Discovery_Demo\Obj\stm32f4xx_rcc.o
#        D:\STM32F429I-Discovery_FW_V1.0.1\STM32F429I-Discovery_FW_V1.0.1\Projects\Demonstration\EWARM\STM32F429I-Discovery_Demo\Obj\stm32f4xx_rng.o
#        D:\STM32F429I-Discovery_FW_V1.0.1\STM32F429I-Discovery_FW_V1.0.1\Projects\Demonstration\EWARM\STM32F429I-Discovery_Demo\Obj\stm32f4xx_rtc.o
#        D:\STM32F429I-Discovery_FW_V1.0.1\STM32F429I-Discovery_FW_V1.0.1\Projects\Demonstration\EWARM\STM32F429I-Discovery_Demo\Obj\stm32f4xx_sdio.o
#        D:\STM32F429I-Discovery_FW_V1.0.1\STM32F429I-Discovery_FW_V1.0.1\Projects\Demonstration\EWARM\STM32F429I-Discovery_Demo\Obj\stm32f4xx_spi.o
#        D:\STM32F429I-Discovery_FW_V1.0.1\STM32F429I-Discovery_FW_V1.0.1\Projects\Demonstration\EWARM\STM32F429I-Discovery_Demo\Obj\stm32f4xx_syscfg.o
#        D:\STM32F429I-Discovery_FW_V1.0.1\STM32F429I-Discovery_FW_V1.0.1\Projects\Demonstration\EWARM\STM32F429I-Discovery_Demo\Obj\stm32f4xx_tim.o
#        D:\STM32F429I-Discovery_FW_V1.0.1\STM32F429I-Discovery_FW_V1.0.1\Projects\Demonstration\EWARM\STM32F429I-Discovery_Demo\Obj\stm32f4xx_usart.o
#        D:\STM32F429I-Discovery_FW_V1.0.1\STM32F429I-Discovery_FW_V1.0.1\Projects\Demonstration\EWARM\STM32F429I-Discovery_Demo\Obj\stm32xxx_it.o
#        D:\STM32F429I-Discovery_FW_V1.0.1\STM32F429I-Discovery_FW_V1.0.1\Projects\Demonstration\EWARM\STM32F429I-Discovery_Demo\Obj\str_utils.o
#        D:\STM32F429I-Discovery_FW_V1.0.1\STM32F429I-Discovery_FW_V1.0.1\Projects\Demonstration\EWARM\STM32F429I-Discovery_Demo\Obj\syscall.o
#        D:\STM32F429I-Discovery_FW_V1.0.1\STM32F429I-Discovery_FW_V1.0.1\Projects\Demonstration\EWARM\STM32F429I-Discovery_Demo\Obj\system_stm32f4xx.o
#        D:\STM32F429I-Discovery_FW_V1.0.1\STM32F429I-Discovery_FW_V1.0.1\Projects\Demonstration\EWARM\STM32F429I-Discovery_Demo\Obj\tasks.o
#        D:\STM32F429I-Discovery_FW_V1.0.1\STM32F429I-Discovery_FW_V1.0.1\Projects\Demonstration\EWARM\STM32F429I-Discovery_Demo\Obj\test_program.o
#        D:\STM32F429I-Discovery_FW_V1.0.1\STM32F429I-Discovery_FW_V1.0.1\Projects\Demonstration\EWARM\STM32F429I-Discovery_Demo\Obj\time_utils.o
#        D:\STM32F429I-Discovery_FW_V1.0.1\STM32F429I-Discovery_FW_V1.0.1\Projects\Demonstration\EWARM\STM32F429I-Discovery_Demo\Obj\timers.o
#        D:\STM32F429I-Discovery_FW_V1.0.1\STM32F429I-Discovery_FW_V1.0.1\Projects\Demonstration\EWARM\STM32F429I-Discovery_Demo\Obj\usb_bsp.o
#        D:\STM32F429I-Discovery_FW_V1.0.1\STM32F429I-Discovery_FW_V1.0.1\Projects\Demonstration\EWARM\STM32F429I-Discovery_Demo\Obj\usb_core.o
#        D:\STM32F429I-Discovery_FW_V1.0.1\STM32F429I-Discovery_FW_V1.0.1\Projects\Demonstration\EWARM\STM32F429I-Discovery_Demo\Obj\usb_dcd.o
#        D:\STM32F429I-Discovery_FW_V1.0.1\STM32F429I-Discovery_FW_V1.0.1\Projects\Demonstration\EWARM\STM32F429I-Discovery_Demo\Obj\usb_dcd_int.o
#        D:\STM32F429I-Discovery_FW_V1.0.1\STM32F429I-Discovery_FW_V1.0.1\Projects\Demonstration\EWARM\STM32F429I-Discovery_Demo\Obj\usb_hcd.o
#        D:\STM32F429I-Discovery_FW_V1.0.1\STM32F429I-Discovery_FW_V1.0.1\Projects\Demonstration\EWARM\STM32F429I-Discovery_Demo\Obj\usb_hcd_int.o
#        D:\STM32F429I-Discovery_FW_V1.0.1\STM32F429I-Discovery_FW_V1.0.1\Projects\Demonstration\EWARM\STM32F429I-Discovery_Demo\Obj\usbd_core.o
#        D:\STM32F429I-Discovery_FW_V1.0.1\STM32F429I-Discovery_FW_V1.0.1\Projects\Demonstration\EWARM\STM32F429I-Discovery_Demo\Obj\usbd_desc.o
#        D:\STM32F429I-Discovery_FW_V1.0.1\STM32F429I-Discovery_FW_V1.0.1\Projects\Demonstration\EWARM\STM32F429I-Discovery_Demo\Obj\usbd_hid_core.o
#        D:\STM32F429I-Discovery_FW_V1.0.1\STM32F429I-Discovery_FW_V1.0.1\Projects\Demonstration\EWARM\STM32F429I-Discovery_Demo\Obj\usbd_ioreq.o
#        D:\STM32F429I-Discovery_FW_V1.0.1\STM32F429I-Discovery_FW_V1.0.1\Projects\Demonstration\EWARM\STM32F429I-Discovery_Demo\Obj\usbd_req.o
#        D:\STM32F429I-Discovery_FW_V1.0.1\STM32F429I-Discovery_FW_V1.0.1\Projects\Demonstration\EWARM\STM32F429I-Discovery_Demo\Obj\usbd_usr.o
#        D:\STM32F429I-Discovery_FW_V1.0.1\STM32F429I-Discovery_FW_V1.0.1\Projects\Demonstration\EWARM\STM32F429I-Discovery_Demo\Obj\usbh_core.o
#        D:\STM32F429I-Discovery_FW_V1.0.1\STM32F429I-Discovery_FW_V1.0.1\Projects\Demonstration\EWARM\STM32F429I-Discovery_Demo\Obj\usbh_hcs.o
#        D:\STM32F429I-Discovery_FW_V1.0.1\STM32F429I-Discovery_FW_V1.0.1\Projects\Demonstration\EWARM\STM32F429I-Discovery_Demo\Obj\usbh_ioreq.o
#        D:\STM32F429I-Discovery_FW_V1.0.1\STM32F429I-Discovery_FW_V1.0.1\Projects\Demonstration\EWARM\STM32F429I-Discovery_Demo\Obj\usbh_msc_bot.o
#        D:\STM32F429I-Discovery_FW_V1.0.1\STM32F429I-Discovery_FW_V1.0.1\Projects\Demonstration\EWARM\STM32F429I-Discovery_Demo\Obj\usbh_msc_core.o
#        D:\STM32F429I-Discovery_FW_V1.0.1\STM32F429I-Discovery_FW_V1.0.1\Projects\Demonstration\EWARM\STM32F429I-Discovery_Demo\Obj\usbh_msc_scsi.o
#        D:\STM32F429I-Discovery_FW_V1.0.1\STM32F429I-Discovery_FW_V1.0.1\Projects\Demonstration\EWARM\STM32F429I-Discovery_Demo\Obj\usbh_stdreq.o
#        D:\STM32F429I-Discovery_FW_V1.0.1\STM32F429I-Discovery_FW_V1.0.1\Projects\Demonstration\EWARM\STM32F429I-Discovery_Demo\Obj\usbh_usr.o
#        --redirect _Printf=_PrintfFull --redirect _Scanf=_ScanfFull -o
#        D:\STM32F429I-Discovery_FW_V1.0.1\STM32F429I-Discovery_FW_V1.0.1\Projects\Demonstration\EWARM\STM32F429I-Discovery_Demo\Exe\STM32F429I-Discovery_Demo.out
#        --map
#        D:\STM32F429I-Discovery_FW_V1.0.1\STM32F429I-Discovery_FW_V1.0.1\Projects\Demonstration\EWARM\STM32F429I-Discovery_Demo\List\STM32F429I-Discovery_Demo.map
#        --config
#        D:\STM32F429I-Discovery_FW_V1.0.1\STM32F429I-Discovery_FW_V1.0.1\Projects\Demonstration\EWARM\stm32f4xx_flash.icf
#        --semihosting --entry __iar_program_start --redirect
#        __write=__write_buffered --vfe
#
###############################################################################

*******************************************************************************
*** RUNTIME MODEL ATTRIBUTES
***

CppFlavor                     = *
__Heap_Handler                = Basic
__SystemLibrary               = DLib
__dlib_dynamic_initialization = normal


*******************************************************************************
*** PLACEMENT SUMMARY
***

"A1":  place at 0x08000000 { ro section .intvec };
"P1":  place in [from 0x08000000 to 0x081fffff] { ro };
"P2":  place in [from 0x20000000 to 0x2002ffff] { rw, block CSTACK, block HEAP };

  Section             Kind        Address     Size  Object
  -------             ----        -------     ----  ------
"A1":                                        0x1ac
  .intvec             ro code  0x08000000    0x1ac  startup_stm32f429_439xx.o [1]
                             - 0x080001ac    0x1ac

"P1":                                      0x2023e
  .rodata             const    0x080001ac   0x9c6c  demo_clock.o [1]
  .rodata             const    0x08009e18   0x1300  F24B_ASCII.o [3]
  .text               ro code  0x0800b118   0x1156  xprintffull.o [4]
  .text               ro code  0x0800c26e     0x20  xmbtowc.o [4]
  .text               ro code  0x0800c28e      0xa  xsprout.o [4]
  .text               ro code  0x0800c298     0x16  strchr.o [6]
  .text               ro code  0x0800c2ae      0x2  GUICC_8888_Index2Color.o [3]
  .text               ro code  0x0800c2b0     0x36  strlen.o [6]
  .text               ro code  0x0800c2e6      0x2  GUICC_888_Index2Color.o [3]
  .text               ro code  0x0800c2e8     0x58  memchr.o [6]
  .text               ro code  0x0800c340      0xa  xmbcurmax.o [4]
  .text               ro code  0x0800c34c     0xb0  xxmemxmalloc.o [4]
  .text               ro code  0x0800c3fc     0x1a  xwctomb.o [4]
  .text               ro code  0x0800c418     0x76  ABImemcpy_unaligned.o [6]
  .text               ro code  0x0800c490     0x80  xxmemxfree.o [4]
  .text               ro code  0x0800c510     0xee  I64DivMod.o [6]
  .text               ro code  0x0800c5fe     0x42  xdnorm.o [5]
  .text               ro code  0x0800c640     0x2e  DblCmpLe.o [5]
  .text               ro code  0x0800c670     0x2e  DblCmpGe.o [5]
  .text               ro code  0x0800c6a0    0x118  xdscale.o [5]
  .text               ro code  0x0800c7b8     0x58  DblToI32.o [5]
  .text               ro code  0x0800c810     0x30  I32ToDbl.o [5]
  .text               ro code  0x0800c840    0x180  DblSub.o [5]
  .text               ro code  0x0800c9c0    0x1a2  DblMul.o [5]
  .text               ro code  0x0800cb64    0x256  DblDiv.o [5]
  .text               ro code  0x0800cdbc     0x6c  localeconv.o [4]
  .text               ro code  0x0800ce28      0xe  div.o [4]
  .text               ro code  0x0800ce38     0x14  setlocale.o [4]
  .text               ro code  0x0800ce4c     0x60  xencoding_sb.o [4]
  .text               ro code  0x0800ceac     0x2c  xgetmemchunk.o [4]
  .text               ro code  0x0800ced8      0x2  I64DivZer.o [6]
  .text               ro code  0x0800cedc     0xd4  DblAdd.o [5]
  .text               ro code  0x0800cfb0      0x2  xtls.o [4]
  .text               ro code  0x0800cfb4    0xfe4  WM.o [3]
  .text               ro code  0x0800df98    0x9bc  GUI_Alloc.o [3]
  .text               ro code  0x0800e954     0x60  GUI__IntersectRects.o [3]
  .text               ro code  0x0800e9b4     0x54  GUI_MergeRect.o [3]
  .text               ro code  0x0800ea08     0x14  GUI_WaitEvent.o [3]
  .text               ro code  0x0800ea1c     0x34  LCD_SetClipRectEx.o [3]
  .text               ro code  0x0800ea50     0x1c  GUI_MoveRect.o [3]
  .text               ro code  0x0800ea6c     0x40  GUI__IntersectRect.o [3]
  .text               ro code  0x0800eaac    0x260  GUIDEV.o [3]
  .text               ro code  0x0800ed0c     0x1a  WM_GetFirstChild.o [3]
  .text               ro code  0x0800ed26     0x38  GUI_RectsIntersect.o [3]
  .text               ro code  0x0800ed60     0x94  GUI_Task.o [3]
  .text               ro code  0x0800edf4     0x40  WM__SendMessage.o [3]
  .text               ro code  0x0800ee34     0x32  GUI_ALLOC_AllocZero.o [3]
  .text               ro code  0x0800ee68     0x30  GUI_SelectLayer.o [3]
  .text               ro code  0x0800ee98    0x4cc  LCD.o [3]
  .text               ro code  0x0800f364     0x8c  WM_BringToBottom.o [3]
  .text               ro code  0x0800f3f0     0x74  WM_Timer.o [3]
  .text               ro code  0x0800f464     0x14  WM_NotifyParent.o [3]
  .text               ro code  0x0800f478     0xa0  WM_GetClientRect.o [3]
  .text               ro code  0x0800f518     0x2c  WM_SendToParent.o [3]
  .text               ro code  0x0800f544     0x78  ABImemmove_unaligned.o [6]
  .text               ro code  0x0800f5bc      0x6  ABImemclr.o [6]
  .text               ro code  0x0800f5c4    0x108  GUI__memset.o [3]
  .text               ro code  0x0800f6cc     0xf0  GUI_Core.o [3]
  .text               ro code  0x0800f7bc    0x1f8  GUI_Device.o [3]
  .text               ro code  0x0800f9b4    0x122  LCD_GetEx.o [3]
  .text               ro code  0x0800fad8    0x210  GUIDEV_UsageBM.o [3]
  .text               ro code  0x0800fce8     0x1e  GUI_SelectLCD.o [3]
  .text               ro code  0x0800fd08     0x60  GUIDEV_Usage.o [3]
  .text               ro code  0x0800fd68     0x24  LCD_UpdateColorIndices.o [3]
  .text               ro code  0x0800fd8c     0x54  GUI_X_FreeRTOS.o [1]
  .text               ro code  0x0800fde0     0x2a  WM__GetPrevSibling.o [3]
  .text               ro code  0x0800fe0a     0x1a  WM_GetParent.o [3]
  .text               ro code  0x0800fe24    0x13a  GUI_Timer.o [3]
  .text               ro code  0x0800ff60     0x66  ABImemset.o [6]
  .text               ro code  0x0800ffc8     0x24  GUI_Goto.o [3]
  .text               ro code  0x0800ffec     0x44  LCD_SelectLCD.o [3]
  .text               ro code  0x08010030    0x61c  queue.o [1]
  .text               ro code  0x0801064c    0x94c  tasks.o [1]
  .text               ro code  0x08010f98     0x14  WM__GetFirstSibling.o [3]
  .text               ro code  0x08010fac    0x160  heap_2.o [1]
  .text               ro code  0x0801110c     0xc8  list.o [1]
  .text               ro code  0x080111d4     0xc0  port_cm4.o [1]
  .text               ro code  0x08011294     0x3a  ABImemset48.o [6]
  .text               ro code  0x080112d0     0x6c  strncpy_unaligned.o [6]
  .text               ro code  0x0801133c    0x28c  timers.o [1]
  CODE                ro code  0x080115c8     0xa0  portasm_cm4.o [1]
  .text               ro code  0x08011668     0x80  cpu_utils.o [1]
  .text               ro code  0x080116e8     0xd4  main.o [1]
  .text               ro code  0x080117bc     0xd2  bsp.o [1]
  .text               ro code  0x08011890     0xc8  usbh_usr.o [1]
  .text               ro code  0x08011958    0x274  demo_clock.o [1]
  .text               ro code  0x08011bcc     0x90  stm32f429i_discovery.o [1]
  .text               ro code  0x08011c5c    0x180  stm32f4xx_rcc.o [1]
  .text               ro code  0x08011ddc     0xa2  stm32f4xx_gpio.o [1]
  .text               ro code  0x08011e80    0x4d4  stm32f429i_discovery_ioe.o [1]
  .text               ro code  0x08012354    0x374  stm32f429i_discovery_sdram.o [1]
  .text               ro code  0x080126c8    0x68c  usbh_core.o [1]
  .text               ro code  0x08012d54    0x168  rtc.o [1]
  .text               ro code  0x08012ebc     0x7c  stm32f4xx_exti.o [1]
  .text               ro code  0x08012f38     0x70  misc.o [1]
  .text               ro code  0x08012fa8     0x44  ff.o [1]
  .text               ro code  0x08012fec     0x34  sprintf.o [4]
  .text               ro code  0x08013020     0xb6  usb_hcd.o [1]
  .text               ro code  0x080130d6     0x70  FRAMEWIN_SetFont.o [3]
  .text               ro code  0x08013146     0x94  WM_GetDialogItem.o [3]
  .text               ro code  0x080131da     0x34  TEXT_SetFont.o [3]
  .text               ro code  0x08013210     0x94  IMAGE_Bitmap.o [3]
  .text               ro code  0x080132a4     0x58  TEXT_SetText.o [3]
  .text               ro code  0x080132fc     0x34  TEXT_SetTextColor.o [3]
  .text               ro code  0x08013330    0x2fe  BUTTON.o [3]
  .text               ro code  0x0801362e     0x20  WM_GetId.o [3]
  .text               ro code  0x08013650     0xf8  DIALOG.o [3]
  .text               ro code  0x08013748     0x14  WM_GetDesktopWindowEx.o [3]
  .text               ro code  0x0801375c     0x56  WM_StayOnTop.o [3]
  .text               ro code  0x080137b4    0x1d0  stm32f4xx_i2c.o [1]
  .text               ro code  0x08013984    0x11c  stm32f4xx_fmc.o [1]
  .text               ro code  0x08013aa0    0x13a  usb_bsp.o [1]
  .text               ro code  0x08013bda    0x11c  usbh_hcs.o [1]
  .text               ro code  0x08013cf8    0x370  usbh_stdreq.o [1]
  .text               ro code  0x08014068    0x132  usbh_ioreq.o [1]
  .text               ro code  0x0801419c      0xc  stm32f4xx_pwr.o [1]
  .text               ro code  0x080141a8     0xfc  stm32f4xx_rtc.o [1]
  .text               ro code  0x080142a4    0x2ec  stm32f4xx_tim.o [1]
  .text               ro code  0x08014590     0x20  syscall.o [1]
  .text               ro code  0x080145b0    0xc1c  usb_core.o [1]
  .text               ro code  0x080151cc    0x7bc  FRAMEWIN.o [3]
  .text               ro code  0x08015988     0xe6  FRAMEWIN__UpdateButtons.o [3]
  .text               ro code  0x08015a70    0x108  GUI_DrawBitmap.o [3]
  .text               ro code  0x08015b78    0x480  IMAGE.o [3]
  .text               ro code  0x08015ff8     0x70  GUI__SetText.o [3]
  .text               ro code  0x08016068    0x21c  WIDGET.o [3]
  .text               ro code  0x08016284     0x10  GUI_OnKey.o [3]
  .text               ro code  0x08016294     0x18  WM_GetDesktopWindow.o [3]
  .text               ro code  0x080162ac     0x18  WM_GetClientWindow.o [3]
  .text               ro code  0x080162c4     0x8e  WM_Show.o [3]
  .text               ro code  0x08016352     0x1e  WM_SendMessageNoPara.o [3]
  .text               ro code  0x08016370     0x20  WM_GetFocussedWindow.o [3]
  .text               ro code  0x08016390     0x9c  WM_SetFocusOnNextChild.o [3]
  .text               ro code  0x0801642c     0xac  WM_AttachWindow.o [3]
  .text               ro code  0x080164d8     0x5c  WM__IsAncestor.o [3]
  .text               ro code  0x08016534     0xac  WM_SetFocus.o [3]
  .text               ro code  0x080165e0     0x64  WM_SetFocusOnPrevChild.o [3]
  .text               ro code  0x08016644      0xa  GUI_GetYSizeOfFont.o [3]
  .text               ro code  0x0801664e     0x1a  WM_GetNextSibling.o [3]
  .text               ro code  0x08016668     0x88  WM_GetWindowSize.o [3]
  .text               ro code  0x080166f0     0x64  WM_MoveChildTo.o [3]
  .text               ro code  0x08016754     0x4e  WM_SetSize.o [3]
  .text               ro code  0x080167a4     0x90  WM_BringToTop.o [3]
  .text               ro code  0x08016834     0x98  WM_SetCaptureMove.o [3]
  .text               ro code  0x080168cc     0x18  WM_IsWindow.o [3]
  .text               ro code  0x080168e4     0x20  WM_HasFocus.o [3]
  .text               ro code  0x08016904     0x28  WM_MemDev.o [3]
  .text               ro code  0x0801692c     0xfa  WM_ResizeWindow.o [3]
  .text               ro code  0x08016a26    0x184  WM_Move.o [3]
  .text               ro code  0x08016baa     0x18  GUI_SetDrawMode.o [3]
  .text               ro code  0x08016bc4     0x68  GUIDEV_GetPos.o [3]
  .text               ro code  0x08016c2c     0xe8  GUIDEV_Write.o [3]
  .text               ro code  0x08016d14     0x74  GUIDEV_SetOrg.o [3]
  .text               ro code  0x08016d88     0x3c  GUIDEV_CreateFixed.o [3]
  .text               ro code  0x08016dc4     0x2c  GUI_SetColor.o [3]
  .text               ro code  0x08016df0     0x48  GUIDEV_Clear.o [3]
  .text               ro code  0x08016e38     0x6c  GUI__strcmp.o [3]
  .text               ro code  0x08016ea4     0x16  GUI__strlen.o [3]
  .text               ro code  0x08016ebc     0x44  strcpy_unaligned.o [6]
  .text               ro code  0x08016f00     0xdc  WM__UpdateChildPositions.o [3]
  .text               ro code  0x08016fdc     0x1a  GUI__ReduceRect.o [3]
  .text               ro code  0x08016ff6     0x2c  WM__SendMessageNoPara.o [3]
  .text               ro code  0x08017024     0x28  WM__GetFocussedChild.o [3]
  .text               ro code  0x0801704c     0x20  WM_IsFocussable.o [3]
  .text               ro code  0x0801706c     0x1a  WM__GetLastSibling.o [3]
  .text               ro code  0x08017086     0x1e  WM_ForEachDesc.o [3]
  .text               ro code  0x080170a4     0x20  WM_HasCaptured.o [3]
  .text               ro code  0x080170c4     0x50  WM_SetCapture.o [3]
  .text               ro code  0x08017114     0x2e  WM_GetWindowRect.o [3]
  .text               ro code  0x08017142     0x26  WM__IsChild.o [3]
  .text               ro code  0x08017168     0x2c  WM__ForEachDesc.o [3]
  .text               ro code  0x08017194    0xc1e  usb_hcd_int.o [1]
  .text               ro code  0x08017db4    0xa70  GUIDEV_32.o [3]
  .text               ro code  0x08018824    0x370  GUI__Alpha.o [3]
  .text               ro code  0x08018b94    0x1f0  LCD_ReadRect.o [3]
  .text               ro code  0x08018d84    0x14e  GUI__ExpandPixelIndices.o [3]
  .rodata             const    0x08018ed4    0xa2c  F13HB_ASCII.o [3]
  .rodata             const    0x08019900    0x984  F13_1.o [3]
  .rodata             const    0x0801a284    0x918  F13_ASCII.o [3]
  .rodata             const    0x0801ab9c    0x718  F6x8.o [3]
  .rodata             const    0x0801b2b4    0x638  F08_1.o [3]
  .rodata             const    0x0801b8ec    0x5fc  F08_ASCII.o [3]
  .text               ro code  0x0801bee8    0x4f0  usb_dcd_int.o [1]
  .text               ro code  0x0801c3d8    0x498  usbd_req.o [1]
  .text               ro code  0x0801c870    0x162  usb_dcd.o [1]
  .text               ro code  0x0801c9d2     0x8a  usbd_ioreq.o [1]
  .text               ro code  0x0801ca5c    0x292  usbd_core.o [1]
  .text               ro code  0x0801ccf0    0x434  GUI_DrawBitmap_8888.o [3]
  .text               ro code  0x0801d124     0x30  GUI_GetColor.o [3]
  .text               ro code  0x0801d154     0x68  GUI__SetPixelAlpha.o [3]
  .text               ro code  0x0801d1bc     0x18  LCD_GetColorIndex.o [3]
  .text               ro code  0x0801d1d4     0x24  GUI_SetColorIndex.o [3]
  .text               ro code  0x0801d1f8     0x12  LCD_GetPixelColor.o [3]
  .text               ro code  0x0801d20c     0x60  LCD_GetP.o [3]
  .text               ro code  0x0801d26c    0x334  usbh_msc_core.o [1]
  .text               ro code  0x0801d5a0    0x314  usbh_msc_bot.o [1]
  .text               ro code  0x0801d8b4    0x2b0  usbh_msc_scsi.o [1]
  .text               ro code  0x0801db64    0x20c  FRAMEWIN_SkinClassic.o [3]
  .text               ro code  0x0801dd70     0x24  WM_SetUserClipRect.o [3]
  .text               ro code  0x0801dd94     0x58  GUI_FillRect.o [3]
  .text               ro code  0x0801ddec    0x134  WIDGET_Effect_3D.o [3]
  .text               ro code  0x0801df20     0x24  GUI_SetFont.o [3]
  .text               ro code  0x0801df44     0x96  GUI__CalcTextRect.o [3]
  .text               ro code  0x0801dfdc    0x104  WIDGET_FillStringInRect.o [3]
  .text               ro code  0x0801e0e0     0x2c  FRAMEWIN_SetOwnerDraw.o [3]
  .text               ro code  0x0801e10c     0x8c  GUI_2DLib.o [3]
  .text               ro code  0x0801e198     0x5c  GUI_DrawHLine.o [3]
  .text               ro code  0x0801e1f4     0x58  GUI_DrawVLine.o [3]
  .text               ro code  0x0801e24c     0x14  GUI_GetStringDistX.o [3]
  .text               ro code  0x0801e260     0x9c  GUI_Char.o [3]
  .text               ro code  0x0801e2fc     0x24  GUI_SetTextMode.o [3]
  .text               ro code  0x0801e320     0x28  GUI_DispStringAt.o [3]
  .text               ro code  0x0801e348     0x14  GUI_ClearRectEx.o [3]
  .text               ro code  0x0801e35c     0x1c  GUI__GetNumChars.o [3]
  .text               ro code  0x0801e378    0x208  GUI_CharLine.o [3]
  .text               ro code  0x0801e580    0x108  GUI_DispString.o [3]
  .text               ro code  0x0801e688     0x50  GUI_UC.o [3]
  .text               ro code  0x0801e6d8     0xc8  GUI__ManageCache.o [3]
  .text               ro code  0x0801e7a0    0x196  GUI_DispStringInRect.o [3]
  .text               ro code  0x0801e936      0xa  GUI_GetClientRect.o [3]
  .text               ro code  0x0801e940     0x16  GUI__HandleEOLine.o [3]
  .text               ro code  0x0801e958    0x184  GUI_CharM.o [3]
  .text               ro code  0x0801eadc    0x17c  TEXT.o [3]
  .text               ro code  0x0801ec58     0x26  WM_SetTrans.o [3]
  .text               ro code  0x0801ec80    0x134  GUI_DispStringInRectWrap.o [3]
  .text               ro code  0x0801edb4    0x130  GUI__Wrap.o [3]
  .text               ro code  0x0801eee4     0x18  GUI_SetClipRect.o [3]
  .text               ro code  0x0801eefc    0x160  BUTTON_SkinClassic.o [3]
  .text               ro code  0x0801f05c     0x16  WM__IsEnabled.o [3]
  .text               ro code  0x0801f072     0x30  GUI_DRAW.o [3]
  .text               ro code  0x0801f0a4     0xb8  GUI_DrawFocusRect.o [3]
  .text               ro code  0x0801f15c    0x14c  GUI__CompactPixelIndices.o [3]
  .text               ro code  0x0801f2a8    0x13e  GUI_CharP.o [3]
  .text               ro code  0x0801f3e8    0x118  GUICC_M1555I.o [3]
  .text               ro code  0x0801f500    0x108  GUIDEV_WriteToActiveAlpha.o [3]
  .text               ro code  0x0801f608     0x26  GUIDEV_GetDataPtr.o [3]
  .rodata             const    0x0801f630    0x100  GUI__DivTbl_255_31.o [3]
  .rodata             const    0x0801f730    0x100  GUI__DivTbl_255_63.o [3]
  .rodata             const    0x0801f830    0x100  LCD_Mirror.o [3]
  .text               ro code  0x0801f930     0xe8  system_stm32f4xx.o [1]
  .text               ro code  0x0801fa18     0xd0  GUICC_M565.o [3]
  .text               ro code  0x0801fae8     0xd0  packbits_init.o [6]
  .text               ro code  0x0801fbb8      0x6  abort.o [4]
  .text               ro code  0x0801fbc0     0x14  exit.o [7]
  .text               ro code  0x0801fbd4     0xae  stm32xxx_it.o [1]
  .text               ro code  0x0801fc84     0x14  test_program.o [1]
  .text               ro code  0x0801fc98     0x98  GUIDRV_stm32f429i_discovery.o [1]
  .text               ro code  0x0801fd30      0xc  stm32f4xx_ltdc.o [1]
  .text               ro code  0x0801fd3c     0x28  GUI_MULTIBUF.o [3]
  .text               ro code  0x0801fd64     0x50  LCD_Color.o [3]
  .text               ro code  0x0801fdb4     0x44  BUTTON_CreateIndirect.o [3]
  .rodata             const    0x0801fdf8     0x40  GUI__DivTbl_63_255.o [3]
  .text               ro code  0x0801fe38     0x40  FRAMEWIN_CreateIndirect.o [3]
  .text               ro code  0x0801fe78     0x40  zero_init3.o [6]
  .text               ro code  0x0801feb8     0x3c  TEXT_CreateIndirect.o [3]
  .text               ro code  0x0801fef4     0x2c  GUICC_M565_Index2Color.o [3]
  .text               ro code  0x0801ff20     0x28  GUICC_8888.o [3]
  .text               ro code  0x0801ff48     0x28  data_init.o [6]
  .text               ro code  0x0801ff70     0x22  fpinit_M.o [5]
  .iar.init_table     const    0x0801ff94     0x2c  - Linker created -
  .rodata             const    0x0801ffc0     0x20  GUI__DivTbl_31_255.o [3]
  .rodata             const    0x0801ffe0     0x1c  WIDGET_Effect_3D.o [3]
  .text               ro code  0x0801fffc     0x1a  cmain.o [6]
  .text               ro code  0x08020016      0x4  low_level_init.o [4]
  .text               ro code  0x0802001a      0x4  exit.o [4]
  .text               ro code  0x08020020      0xa  cexit.o [6]
  .rodata             const    0x0802002c     0x18  GUICC_M1555I.o [3]
  .rodata             const    0x08020044     0x18  GUICC_M565.o [3]
  .rodata             const    0x0802005c     0x18  GUICC_8888.o [3]
  .text               ro code  0x08020074     0x10  startup_stm32f429_439xx.o [1]
  .rodata             const    0x08020084      0xc  GUI_DrawBitmap_8888.o [3]
  .rodata             const    0x08020090      0xc  LCD.o [3]
  .text               ro code  0x0802009c      0xc  cstartup_M.o [6]
  .text               ro code  0x080200a8      0x4  startup_stm32f429_439xx.o [1]
  .text               ro code  0x080200ac      0x4  startup_stm32f429_439xx.o [1]
  .text               ro code  0x080200b0      0x4  startup_stm32f429_439xx.o [1]
  .text               ro code  0x080200b4      0x4  startup_stm32f429_439xx.o [1]
  .text               ro code  0x080200b8      0x4  startup_stm32f429_439xx.o [1]
  .text               ro code  0x080200bc      0x4  startup_stm32f429_439xx.o [1]
  .text               ro code  0x080200c0      0x4  startup_stm32f429_439xx.o [1]
  .text               ro code  0x080200c4      0x4  startup_stm32f429_439xx.o [1]
  .text               ro code  0x080200c8      0x4  startup_stm32f429_439xx.o [1]
  .text               ro code  0x080200cc      0x4  startup_stm32f429_439xx.o [1]
  .text               ro code  0x080200d0      0x4  startup_stm32f429_439xx.o [1]
  .text               ro code  0x080200d4      0x4  startup_stm32f429_439xx.o [1]
  .text               ro code  0x080200d8      0x4  startup_stm32f429_439xx.o [1]
  .text               ro code  0x080200dc      0x4  startup_stm32f429_439xx.o [1]
  .text               ro code  0x080200e0      0x4  startup_stm32f429_439xx.o [1]
  .text               ro code  0x080200e4      0x4  startup_stm32f429_439xx.o [1]
  .text               ro code  0x080200e8      0x4  startup_stm32f429_439xx.o [1]
  .text               ro code  0x080200ec      0x4  startup_stm32f429_439xx.o [1]
  .text               ro code  0x080200f0      0x4  startup_stm32f429_439xx.o [1]
  .text               ro code  0x080200f4      0x4  startup_stm32f429_439xx.o [1]
  .text               ro code  0x080200f8      0x4  startup_stm32f429_439xx.o [1]
  .text               ro code  0x080200fc      0x4  startup_stm32f429_439xx.o [1]
  .text               ro code  0x08020100      0x4  startup_stm32f429_439xx.o [1]
  .text               ro code  0x08020104      0x4  startup_stm32f429_439xx.o [1]
  .text               ro code  0x08020108      0x4  startup_stm32f429_439xx.o [1]
  .text               ro code  0x0802010c      0x4  startup_stm32f429_439xx.o [1]
  .text               ro code  0x08020110      0x4  startup_stm32f429_439xx.o [1]
  .text               ro code  0x08020114      0x4  startup_stm32f429_439xx.o [1]
  .text               ro code  0x08020118      0x4  startup_stm32f429_439xx.o [1]
  .text               ro code  0x0802011c      0x4  startup_stm32f429_439xx.o [1]
  .text               ro code  0x08020120      0x4  startup_stm32f429_439xx.o [1]
  .text               ro code  0x08020124      0x4  startup_stm32f429_439xx.o [1]
  .text               ro code  0x08020128      0x4  startup_stm32f429_439xx.o [1]
  .text               ro code  0x0802012c      0x4  startup_stm32f429_439xx.o [1]
  .text               ro code  0x08020130      0x4  startup_stm32f429_439xx.o [1]
  .text               ro code  0x08020134      0x4  startup_stm32f429_439xx.o [1]
  .text               ro code  0x08020138      0x4  startup_stm32f429_439xx.o [1]
  .text               ro code  0x0802013c      0x4  startup_stm32f429_439xx.o [1]
  .text               ro code  0x08020140      0x4  startup_stm32f429_439xx.o [1]
  .text               ro code  0x08020144      0x4  startup_stm32f429_439xx.o [1]
  .text               ro code  0x08020148      0x4  startup_stm32f429_439xx.o [1]
  .text               ro code  0x0802014c      0x4  startup_stm32f429_439xx.o [1]
  .text               ro code  0x08020150      0x4  startup_stm32f429_439xx.o [1]
  .text               ro code  0x08020154      0x4  startup_stm32f429_439xx.o [1]
  .text               ro code  0x08020158      0x4  startup_stm32f429_439xx.o [1]
  .text               ro code  0x0802015c      0x4  startup_stm32f429_439xx.o [1]
  .text               ro code  0x08020160      0x4  startup_stm32f429_439xx.o [1]
  .text               ro code  0x08020164      0x4  startup_stm32f429_439xx.o [1]
  .text               ro code  0x08020168      0x4  startup_stm32f429_439xx.o [1]
  .text               ro code  0x0802016c      0x4  startup_stm32f429_439xx.o [1]
  .text               ro code  0x08020170      0x4  startup_stm32f429_439xx.o [1]
  .text               ro code  0x08020174      0x4  startup_stm32f429_439xx.o [1]
  .text               ro code  0x08020178      0x4  startup_stm32f429_439xx.o [1]
  .text               ro code  0x0802017c      0x4  startup_stm32f429_439xx.o [1]
  .text               ro code  0x08020180      0x4  startup_stm32f429_439xx.o [1]
  .text               ro code  0x08020184      0x4  startup_stm32f429_439xx.o [1]
  .text               ro code  0x08020188      0x4  startup_stm32f429_439xx.o [1]
  .text               ro code  0x0802018c      0x4  startup_stm32f429_439xx.o [1]
  .text               ro code  0x08020190      0x4  startup_stm32f429_439xx.o [1]
  .text               ro code  0x08020194      0x4  startup_stm32f429_439xx.o [1]
  .text               ro code  0x08020198      0x4  startup_stm32f429_439xx.o [1]
  .text               ro code  0x0802019c      0x4  startup_stm32f429_439xx.o [1]
  .text               ro code  0x080201a0      0x4  startup_stm32f429_439xx.o [1]
  .text               ro code  0x080201a4      0x4  startup_stm32f429_439xx.o [1]
  .text               ro code  0x080201a8      0x4  startup_stm32f429_439xx.o [1]
  .text               ro code  0x080201ac      0x4  startup_stm32f429_439xx.o [1]
  .text               ro code  0x080201b0      0x4  startup_stm32f429_439xx.o [1]
  .text               ro code  0x080201b4      0x4  startup_stm32f429_439xx.o [1]
  .text               ro code  0x080201b8      0x4  startup_stm32f429_439xx.o [1]
  .text               ro code  0x080201bc      0x4  startup_stm32f429_439xx.o [1]
  .text               ro code  0x080201c0      0x4  startup_stm32f429_439xx.o [1]
  .text               ro code  0x080201c4      0x4  startup_stm32f429_439xx.o [1]
  .text               ro code  0x080201c8      0x4  startup_stm32f429_439xx.o [1]
  .text               ro code  0x080201cc      0x4  startup_stm32f429_439xx.o [1]
  .text               ro code  0x080201d0      0x4  startup_stm32f429_439xx.o [1]
  .text               ro code  0x080201d4      0x4  startup_stm32f429_439xx.o [1]
  .text               ro code  0x080201d8      0x4  startup_stm32f429_439xx.o [1]
  .text               ro code  0x080201dc      0x4  startup_stm32f429_439xx.o [1]
  .text               ro code  0x080201e0      0x4  startup_stm32f429_439xx.o [1]
  .text               ro code  0x080201e4      0x4  startup_stm32f429_439xx.o [1]
  .text               ro code  0x080201e8      0x4  startup_stm32f429_439xx.o [1]
  .text               ro code  0x080201ec      0x4  startup_stm32f429_439xx.o [1]
  .text               ro code  0x080201f0      0x4  startup_stm32f429_439xx.o [1]
  .text               ro code  0x080201f4      0x4  startup_stm32f429_439xx.o [1]
  .text               ro code  0x080201f8      0x4  startup_stm32f429_439xx.o [1]
  .text               ro code  0x080201fc      0x4  startup_stm32f429_439xx.o [1]
  .text               ro code  0x08020200      0x4  startup_stm32f429_439xx.o [1]
  .text               ro code  0x08020204      0x4  startup_stm32f429_439xx.o [1]
  .text               ro code  0x08020208      0x4  startup_stm32f429_439xx.o [1]
  .text               ro code  0x0802020c      0x4  startup_stm32f429_439xx.o [1]
  .text               ro code  0x08020210      0x4  startup_stm32f429_439xx.o [1]
  .text               ro code  0x08020214      0x4  startup_stm32f429_439xx.o [1]
  .text               ro code  0x08020218      0x4  startup_stm32f429_439xx.o [1]
  .text               ro code  0x0802021c      0x4  startup_stm32f429_439xx.o [1]
  .text               ro code  0x08020220      0x4  startup_stm32f429_439xx.o [1]
  .text               ro code  0x08020224      0x4  startup_stm32f429_439xx.o [1]
  .text               ro code  0x08020228      0x4  startup_stm32f429_439xx.o [1]
  .text               ro code  0x0802022c      0x4  startup_stm32f429_439xx.o [1]
  .text               ro code  0x08020230      0x4  startup_stm32f429_439xx.o [1]
  .text               ro code  0x08020234      0x4  startup_stm32f429_439xx.o [1]
  .rodata             const    0x08020238      0x0  zero_init3.o [6]
  .rodata             const    0x08020238      0x0  packbits_init.o [6]
  Initializer bytes   const    0x08020238    0x1b2  <for P2 s0>
                             - 0x080203ea  0x2023e

"P2":                                       0xa5a0
  P2 s0                        0x20000000    0x5ca  <Init block>
    .data             inited   0x20000000    0x1c4  tasks.o [1]
    .data             inited   0x200001c4     0xa0  GUI_Core.o [3]
    __DLIB_PERTHREAD  inited   0x20000264     0x88  localeconv.o [4]
    __DLIB_PERTHREAD  inited   0x200002ec     0x74  setlocale.o [4]
    .data             inited   0x20000360     0x64  GUI_OnKey.o [3]
    .data             inited   0x200003c4     0x48  GUIDRV_stm32f429i_discovery.o [1]
    .data             inited   0x2000040c     0x48  usbh_usr.o [1]
    .data             inited   0x20000454     0x34  BUTTON.o [3]
    .data             inited   0x20000488     0x2c  usbd_core.o [1]
    .data             inited   0x200004b4     0x2c  FRAMEWIN.o [3]
    .data             inited   0x200004e0     0x1c  GUI_Task.o [3]
    .data             inited   0x200004fc     0x14  system_stm32f4xx.o [1]
    .data             inited   0x20000510     0x14  WIDGET_Effect_3D.o [3]
    .data             inited   0x20000524     0x10  stm32f4xx_rcc.o [1]
    .data             inited   0x20000534     0x10  usbh_msc_core.o [1]
    .data             inited   0x20000544     0x10  TEXT.o [3]
    .data             inited   0x20000554     0x10  LCD_Color.o [3]
    .data             inited   0x20000564      0xc  heap_2.o [1]
    .data             inited   0x20000570      0xc  usbd_desc.o [1]
    .data             inited   0x2000057c      0xc  usbh_core.o [1]
    .data             inited   0x20000588      0x8  stm32f429i_discovery.o [1]
    .data             inited   0x20000590      0x8  BUTTON.o [3]
    .data             inited   0x20000598      0x8  FRAMEWIN_SkinClassic.o [3]
    .data             inited   0x200005a0      0x8  GUI__Wrap.o [3]
    .data             inited   0x200005a8      0x4  port_cm4.o [1]
    .data             inited   0x200005ac      0x4  stm32f429i_discovery_ioe.o [1]
    .data             inited   0x200005b0      0x4  usbd_core.o [1]
    .data             inited   0x200005b4      0x4  usbh_core.o [1]
    .data             inited   0x200005b8      0x4  GUI_Core.o [3]
    .data             inited   0x200005bc      0x4  LCD.o [3]
    .data             inited   0x200005c0      0x4  WIDGET.o [3]
    .data             inited   0x200005c4      0x4  GUI_CharLine.o [3]
    .data             inited   0x200005c8      0x2  rtc.o [1]
  .bss                zero     0x200005d0   0x500c  heap_2.o [1]
  .bss                zero     0x200055dc    0xb14  bsp.o [1]
  .bss                zero     0x200060f0    0xa90  test_program.o [1]
  .bss                zero     0x20006b80    0x23c  usbh_usr.o [1]
  .bss                zero     0x20006dbc    0x210  usbh_msc_scsi.o [1]
  .bss                zero     0x20006fcc    0x20e  usbh_msc_core.o [1]
  .bss                zero     0x200071da      0x2  usbh_core.o [1]
  .bss                zero     0x200071dc    0x200  usbh_stdreq.o [1]
  .bss                zero     0x200073dc     0xd0  GUI_Alloc.o [3]
  .bss                zero     0x200074ac     0x98  demo_clock.o [1]
  .bss                zero     0x20007544     0x70  WM.o [3]
  .bss                zero     0x200075b4     0x54  usbh_msc_bot.o [1]
  .bss                zero     0x20007608     0x38  timers.o [1]
  .bss                zero     0x20007640     0x2c  GUI_MULTIBUF.o [3]
  .bss                zero     0x2000766c     0x20  test_program.o [1]
  .bss                zero     0x2000768c     0x20  GUI__Alpha.o [3]
  .bss                zero     0x200076ac     0x18  cpu_utils.o [1]
  .bss                zero     0x200076c4     0x14  ff.o [1]
  .bss                zero     0x200076d8     0x14  rtc.o [1]
  .bss                zero     0x200076ec     0x14  GUI_Timer.o [3]
  .bss                zero     0x20007700     0x10  stm32f429i_discovery_ioe.o [1]
  .bss                zero     0x20007710      0xc  usbd_req.o [1]
  .bss                zero     0x2000771c      0x8  bsp.o [1]
  .bss                zero     0x20007724      0x8  GUI_X_FreeRTOS.o [1]
  .bss                zero     0x2000772c      0x8  rtc.o [1]
  .bss                zero     0x20007734      0x8  IMAGE.o [3]
  .bss                zero     0x2000773c      0x8  GUICC_M1555I.o [3]
  .bss                zero     0x20007744      0x8  GUICC_M565.o [3]
  .bss                zero     0x2000774c      0x8  GUI__ManageCache.o [3]
  .bss                zero     0x20007754      0x8  xxmemxmalloc.o [4]
  .bss                zero     0x2000775c      0x4  demo_clock.o [1]
  .bss                zero     0x20007760      0x4  main.o [1]
  .bss                zero     0x20007764      0x4  main.o [1]
  .bss                zero     0x20007768      0x4  main.o [1]
  .bss                zero     0x2000776c      0x4  stm32xxx_it.o [1]
  .bss                zero     0x20007770      0x4  stm32xxx_it.o [1]
  .bss                zero     0x20007774      0x4  usbd_core.o [1]
  .bss                zero     0x20007778      0x4  usbd_req.o [1]
  .bss                zero     0x2000777c      0x4  usbh_stdreq.o [1]
  .bss                zero     0x20007780      0x4  IMAGE.o [3]
  .bss                zero     0x20007784      0x4  GUI_Core.o [3]
  .bss                zero     0x20007788      0x4  GUI_Core.o [3]
  .bss                zero     0x2000778c      0x4  GUI_WaitEvent.o [3]
  .bss                zero     0x20007790      0x4  WM__SendMessage.o [3]
  .bss                zero     0x20007794      0x4  WM_SetCaptureMove.o [3]
  .bss                zero     0x20007798      0x4  xgetmemchunk.o [4]
  .bss                zero     0x2000779c      0x1  WM.o [3]
  CSTACK                       0x200077a0   0x2000  <Block>
    CSTACK            uninit   0x200077a0   0x2000  <Block tail>
  HEAP                         0x200097a0    0xe00  <Block>
    HEAP              uninit   0x200097a0    0xe00  <Block tail>
                             - 0x2000a5a0   0xa5a0


*******************************************************************************
*** INIT TABLE
***

          Address     Size
          -------     ----
Zero (__iar_zero_init3)
    1 destination range, total size 0x71cd:
          0x200005d0  0x71cd

Copy/packbits (__iar_packbits_init3)
    1 source range, total size 0x1b2 (29% of destination):
          0x08020238   0x1b2
    1 destination range, total size 0x5ca:
          0x20000000   0x5ca



*******************************************************************************
*** MODULE SUMMARY
***

    Module                         ro code  ro data  rw data
    ------                         -------  -------  -------
D:\STM32F429I-Discovery_FW_V1.0.1\STM32F429I-Discovery_FW_V1.0.1\Projects\Demonstration\EWARM\STM32F429I-Discovery_Demo\Obj: [1]
    GUIDRV_stm32f429i_discovery.o      152       21       72
    GUI_X_FreeRTOS.o                    84                 8
    bsp.o                              210             2 844
    cpu_utils.o                        128                24
    demo_clock.o                       628   40 044      156
    ff.o                                68                20
    heap_2.o                           352        3   20 504
    list.o                             200
    main.o                             212                12
    misc.o                             112
    port_cm4.o                         192        1        4
    portasm_cm4.o                      160
    queue.o                          1 564
    rtc.o                              360        1       30
    startup_stm32f429_439xx.o          844
    stm32f429i_discovery.o             144        3        8
    stm32f429i_discovery_ioe.o       1 236        1       20
    stm32f429i_discovery_sdram.o       884
    stm32f4xx_exti.o                   124
    stm32f4xx_fmc.o                    284
    stm32f4xx_gpio.o                   162
    stm32f4xx_i2c.o                    464
    stm32f4xx_ltdc.o                    12
    stm32f4xx_pwr.o                     12
    stm32f4xx_rcc.o                    384        5       16
    stm32f4xx_rtc.o                    252
    stm32f4xx_tim.o                    748
    stm32xxx_it.o                      174                 8
    syscall.o                           32
    system_stm32f4xx.o                 232        6       20
    tasks.o                          2 380      132      452
    test_program.o                      20             2 736
    timers.o                           652                56
    usb_bsp.o                          314
    usb_core.o                       3 100
    usb_dcd.o                          354
    usb_dcd_int.o                    1 264
    usb_hcd.o                          182
    usb_hcd_int.o                    3 102
    usbd_core.o                        658       14       52
    usbd_desc.o                                   4       12
    usbd_ioreq.o                       138
    usbd_req.o                       1 176                16
    usbh_core.o                      1 676        4       18
    usbh_hcs.o                         284
    usbh_ioreq.o                       306
    usbh_msc_bot.o                     788                84
    usbh_msc_core.o                    820        4      542
    usbh_msc_scsi.o                    688               528
    usbh_stdreq.o                      880               516
    usbh_usr.o                         200       21      644
    --------------------------------------------------------
    Total:                          29 392   40 264   29 402

command line: [2]
    --------------------------------------------------------
    Total:

STemWin522_4x9i_CM4_OS_IAR.a: [3]
    BUTTON.o                           766       17       60
    BUTTON_CreateIndirect.o             68
    BUTTON_SkinClassic.o               352
    DIALOG.o                           248
    F08_1.o                                   1 592
    F08_ASCII.o                               1 532
    F13HB_ASCII.o                             2 604
    F13_1.o                                   2 436
    F13_ASCII.o                               2 328
    F24B_ASCII.o                              4 864
    F6x8.o                                    1 816
    FRAMEWIN.o                       1 980       13       44
    FRAMEWIN_CreateIndirect.o           64
    FRAMEWIN_SetFont.o                 112
    FRAMEWIN_SetOwnerDraw.o             44
    FRAMEWIN_SkinClassic.o             524        2        8
    FRAMEWIN__UpdateButtons.o          230
    GUICC_8888.o                        40       24
    GUICC_8888_Index2Color.o             2
    GUICC_888_Index2Color.o              2
    GUICC_M1555I.o                     280       24        8
    GUICC_M565.o                       208       24        8
    GUICC_M565_Index2Color.o            44
    GUIDEV.o                           608
    GUIDEV_32.o                      2 672
    GUIDEV_Clear.o                      72
    GUIDEV_CreateFixed.o                60
    GUIDEV_GetDataPtr.o                 38
    GUIDEV_GetPos.o                    104
    GUIDEV_SetOrg.o                    116
    GUIDEV_Usage.o                      96
    GUIDEV_UsageBM.o                   528
    GUIDEV_Write.o                     232
    GUIDEV_WriteToActiveAlpha.o        264
    GUI_2DLib.o                        140
    GUI_ALLOC_AllocZero.o               50
    GUI_Alloc.o                      2 492               208
    GUI_Char.o                         156
    GUI_CharLine.o                     520        1        4
    GUI_CharM.o                        388
    GUI_CharP.o                        318
    GUI_ClearRectEx.o                   20
    GUI_Core.o                         240       48      172
    GUI_DRAW.o                          48
    GUI_Device.o                       504
    GUI_DispString.o                   264
    GUI_DispStringAt.o                  40
    GUI_DispStringInRect.o             406
    GUI_DispStringInRectWrap.o         308
    GUI_DrawBitmap.o                   264
    GUI_DrawBitmap_8888.o            1 076       12
    GUI_DrawFocusRect.o                184
    GUI_DrawHLine.o                     92
    GUI_DrawVLine.o                     88
    GUI_FillRect.o                      88
    GUI_GetClientRect.o                 10
    GUI_GetColor.o                      48
    GUI_GetStringDistX.o                20
    GUI_GetYSizeOfFont.o                10
    GUI_Goto.o                          36
    GUI_MULTIBUF.o                      40                44
    GUI_MergeRect.o                     84
    GUI_MoveRect.o                      28
    GUI_OnKey.o                         16       29      100
    GUI_RectsIntersect.o                56
    GUI_SelectLCD.o                     30
    GUI_SelectLayer.o                   48
    GUI_SetClipRect.o                   24
    GUI_SetColor.o                      44
    GUI_SetColorIndex.o                 36
    GUI_SetDrawMode.o                   24
    GUI_SetFont.o                       36
    GUI_SetTextMode.o                   36
    GUI_Task.o                         148        8       28
    GUI_Timer.o                        314                20
    GUI_UC.o                            80
    GUI_WaitEvent.o                     20                 4
    GUI__Alpha.o                       880                32
    GUI__CalcTextRect.o                150
    GUI__CompactPixelIndices.o         332
    GUI__DivTbl_255_31.o                        256
    GUI__DivTbl_255_63.o                        256
    GUI__DivTbl_31_255.o                         32
    GUI__DivTbl_63_255.o                         64
    GUI__ExpandPixelIndices.o          334
    GUI__GetNumChars.o                  28
    GUI__HandleEOLine.o                 22
    GUI__IntersectRect.o                64
    GUI__IntersectRects.o               96
    GUI__ManageCache.o                 200                 8
    GUI__ReduceRect.o                   26
    GUI__SetPixelAlpha.o               104
    GUI__SetText.o                     112
    GUI__Wrap.o                        304        3        8
    GUI__memset.o                      264
    GUI__strcmp.o                      108
    GUI__strlen.o                       22
    IMAGE.o                          1 152                12
    IMAGE_Bitmap.o                     148
    LCD.o                            1 228       14        4
    LCD_Color.o                         80        5       16
    LCD_GetColorIndex.o                 24
    LCD_GetEx.o                        290
    LCD_GetP.o                          96
    LCD_GetPixelColor.o                 18
    LCD_Mirror.o                                256
    LCD_ReadRect.o                     496
    LCD_SelectLCD.o                     68
    LCD_SetClipRectEx.o                 52
    LCD_UpdateColorIndices.o            36
    TEXT.o                             380        5       16
    TEXT_CreateIndirect.o               60
    TEXT_SetFont.o                      52
    TEXT_SetText.o                      88
    TEXT_SetTextColor.o                 52
    WIDGET.o                           540        1        4
    WIDGET_Effect_3D.o                 308       34       20
    WIDGET_FillStringInRect.o          260
    WM.o                             4 068               113
    WM_AttachWindow.o                  172
    WM_BringToBottom.o                 140
    WM_BringToTop.o                    144
    WM_ForEachDesc.o                    30
    WM_GetClientRect.o                 160
    WM_GetClientWindow.o                24
    WM_GetDesktopWindow.o               24
    WM_GetDesktopWindowEx.o             20
    WM_GetDialogItem.o                 148
    WM_GetFirstChild.o                  26
    WM_GetFocussedWindow.o              32
    WM_GetId.o                          32
    WM_GetNextSibling.o                 26
    WM_GetParent.o                      26
    WM_GetWindowRect.o                  46
    WM_GetWindowSize.o                 136
    WM_HasCaptured.o                    32
    WM_HasFocus.o                       32
    WM_IsFocussable.o                   32
    WM_IsWindow.o                       24
    WM_MemDev.o                         40
    WM_Move.o                          388
    WM_MoveChildTo.o                   100
    WM_NotifyParent.o                   20
    WM_ResizeWindow.o                  250
    WM_SendMessageNoPara.o              30
    WM_SendToParent.o                   44
    WM_SetCapture.o                     80
    WM_SetCaptureMove.o                152                 4
    WM_SetFocus.o                      172
    WM_SetFocusOnNextChild.o           156
    WM_SetFocusOnPrevChild.o           100
    WM_SetSize.o                        78
    WM_SetTrans.o                       38
    WM_SetUserClipRect.o                36
    WM_Show.o                          142
    WM_StayOnTop.o                      86
    WM_Timer.o                         116
    WM__ForEachDesc.o                   44
    WM__GetFirstSibling.o               20
    WM__GetFocussedChild.o              40
    WM__GetLastSibling.o                26
    WM__GetPrevSibling.o                42
    WM__IsAncestor.o                    92
    WM__IsChild.o                       38
    WM__IsEnabled.o                     22
    WM__SendMessage.o                   64                 4
    WM__SendMessageNoPara.o             44
    WM__UpdateChildPositions.o         220
    --------------------------------------------------------
    Total:                          35 156   18 300      949

dl7M_tlf.a: [4]
    abort.o                              6
    div.o                               14
    exit.o                               4
    localeconv.o                       108       40      136
    low_level_init.o                     4
    setlocale.o                         20       34      116
    sprintf.o                           52
    xencoding_sb.o                      96
    xgetmemchunk.o                      44                 4
    xmbcurmax.o                         10
    xmbtowc.o                           32
    xprintffull.o                    4 438
    xsprout.o                           10
    xtls.o                               2
    xwctomb.o                           26
    xxmemxfree.o                       128
    xxmemxmalloc.o                     176                 8
    --------------------------------------------------------
    Total:                           5 170       74      264

m7M_tls.a: [5]
    DblAdd.o                           212
    DblCmpGe.o                          46
    DblCmpLe.o                          46
    DblDiv.o                           598
    DblMul.o                           418
    DblSub.o                           384
    DblToI32.o                          88
    I32ToDbl.o                          48
    fpinit_M.o                          34
    xdnorm.o                            66
    xdscale.o                          280
    --------------------------------------------------------
    Total:                           2 220

rt7M_tl.a: [6]
    ABImemclr.o                          6
    ABImemcpy_unaligned.o              118
    ABImemmove_unaligned.o             120
    ABImemset.o                        102
    ABImemset48.o                       58
    I64DivMod.o                        238
    I64DivZer.o                          2
    cexit.o                             10
    cmain.o                             26
    cstartup_M.o                        12
    data_init.o                         40
    memchr.o                            88
    packbits_init.o                    208
    strchr.o                            22
    strcpy_unaligned.o                  68
    strlen.o                            54
    strncpy_unaligned.o                108
    zero_init3.o                        64
    --------------------------------------------------------
    Total:                           1 344

shb_l.a: [7]
    exit.o                              20
    --------------------------------------------------------
    Total:                              20

    Gaps                                82        8        6
    Linker created                               44   11 776
------------------------------------------------------------
    Grand Total:                    73 384   58 690   42 397


*******************************************************************************
*** ENTRY LIST
***

Entry                      Address    Size  Type      Object
-----                      -------    ----  ----      ------
.iar.init_table$$Base   0x0801ff94           --   Gb  - Linker created -
.iar.init_table$$Limit  0x0801ffc0           --   Gb  - Linker created -
?main                   0x0801fffd          Code  Gb  cmain.o [6]
AHBPrescTable           0x20000500    0x10  Data  Gb  system_stm32f4xx.o [1]
ALARM_BackgroundProcess
                        0x08011a2d    0x56  Code  Gb  demo_clock.o [1]
ALARM_hWin              0x2000775c     0x4  Data  Gb  demo_clock.o [1]
APBAHBPrescTable        0x20000524    0x10  Data  Lc  stm32f4xx_rcc.o [1]
API                     0x0800fcd0    0x18  Data  Lc  GUIDEV_UsageBM.o [3]
Alarm_Init              0x08011841    0x4e  Code  Gb  bsp.o [1]
BOTStallErrorCount      0x200075f8     0x4  Data  Lc  usbh_msc_bot.o [1]
BUTTON_Callback         0x080133cf   0x148  Code  Gb  BUTTON.o [3]
BUTTON_CreateIndirect   0x0801fdb5    0x44  Code  Gb  BUTTON_CreateIndirect.o [3]
BUTTON_CreateUser       0x08013517    0x88  Code  Gb  BUTTON.o [3]
BUTTON_SetFont          0x08013603    0x2c  Code  Gb  BUTTON.o [3]
BUTTON_SetText          0x080135ad    0x56  Code  Gb  BUTTON.o [3]
BUTTON__DefaultProps    0x20000454    0x30  Data  Gb  BUTTON.o [3]
BUTTON__SkinClassic     0x0801f050     0xc  Data  Gb  BUTTON_SkinClassic.o [3]
BUTTON__pSkinDefault    0x20000484     0x4  Data  Gb  BUTTON.o [3]
Background_Task         0x08011741    0x38  Code  Lc  main.o [1]
Buffer                  0x2000766c    0x18  Data  Gb  test_program.o [1]
BusFault_Handler        0x0801fbdb     0x2  Code  Gb  stm32xxx_it.o [1]
ButtonPressed           0x2000776c     0x4  Data  Gb  stm32xxx_it.o [1]
CSTACK$$Base            0x200077a0           --   Gb  - Linker created -
CSTACK$$Limit           0x200097a0           --   Gb  - Linker created -
CaptureNumber           0x2000772c     0x4  Data  Gb  rtc.o [1]
DCD_EP_ClrStall         0x0801c983    0x40  Code  Gb  usb_dcd.o [1]
DCD_EP_Open             0x0801c871    0x46  Code  Gb  usb_dcd.o [1]
DCD_EP_PrepareRx        0x0801c8b7    0x48  Code  Gb  usb_dcd.o [1]
DCD_EP_SetAddress       0x0801c9c3    0x10  Code  Gb  usb_dcd.o [1]
DCD_EP_Stall            0x0801c943    0x40  Code  Gb  usb_dcd.o [1]
DCD_EP_Tx               0x0801c8ff    0x44  Code  Gb  usb_dcd.o [1]
DCD_HandleInEP_ISR      0x0801c1e3    0xd2  Code  Lc  usb_dcd_int.o [1]
DCD_HandleOutEP_ISR     0x0801c2b5    0xa8  Code  Lc  usb_dcd_int.o [1]
DCD_WriteEmptyTxFifo    0x0801c365    0x74  Code  Lc  usb_dcd_int.o [1]
DMA2D_IRQHandler        0x0801fc7f     0x4  Code  Gb  stm32xxx_it.o [1]
DMA2D_ISR_Handler       0x0801fc99     0x8  Code  Gb  GUIDRV_stm32f429i_discovery.o [1]
DMA2_Stream1_IRQHandler
                        0x0801fc79     0x2  Code  Gb  stm32xxx_it.o [1]
DebugMon_Handler        0x0801fbdf     0x2  Code  Gb  stm32xxx_it.o [1]
EXTI0_IRQHandler        0x0801fbf5     0xa  Code  Gb  stm32xxx_it.o [1]
EXTI_ClearITPendingBit  0x08012f27     0x6  Code  Gb  stm32f4xx_exti.o [1]
EXTI_Init               0x08012ebd    0x6a  Code  Gb  stm32f4xx_exti.o [1]
EndIdleMonitor          0x080116c5    0x20  Code  Gb  cpu_utils.o [1]
FMC_GetFlagStatus       0x08013a5f    0x2e  Code  Gb  stm32f4xx_fmc.o [1]
FMC_SDRAMCmdConfig      0x08013a39    0x1a  Code  Gb  stm32f4xx_fmc.o [1]
FMC_SDRAMInit           0x08013985    0xb4  Code  Gb  stm32f4xx_fmc.o [1]
FMC_SetRefreshCount     0x08013a53     0xc  Code  Gb  stm32f4xx_fmc.o [1]
FRAMEWIN_Callback       0x08015599   0x2aa  Code  Gb  FRAMEWIN.o [3]
FRAMEWIN_CreateIndirect
                        0x0801fe39    0x40  Code  Gb  FRAMEWIN_CreateIndirect.o [3]
FRAMEWIN_CreateUser     0x08015843   0x13a  Code  Gb  FRAMEWIN.o [3]
FRAMEWIN_OwnerDraw      0x0801dc7d    0xc0  Code  Gb  FRAMEWIN_SkinClassic.o [3]
FRAMEWIN_SetFont        0x080130d7    0x70  Code  Gb  FRAMEWIN_SetFont.o [3]
FRAMEWIN_SetOwnerDraw   0x0801e0e1    0x2c  Code  Gb  FRAMEWIN_SetOwnerDraw.o [3]
FRAMEWIN__CalcPositions
                        0x0801544d    0xde  Code  Gb  FRAMEWIN.o [3]
FRAMEWIN__CalcTitleHeight
                        0x08015391    0x24  Code  Gb  FRAMEWIN.o [3]
FRAMEWIN__DefaultProps  0x200004b4    0x28  Data  Gb  FRAMEWIN.o [3]
FRAMEWIN__GetBorderSize
                        0x08015351    0x40  Code  Gb  FRAMEWIN.o [3]
FRAMEWIN__GetTitleLimits
                        0x080153b5    0x98  Code  Gb  FRAMEWIN.o [3]
FRAMEWIN__SkinClassic   0x0801dd64     0xc  Data  Gb  FRAMEWIN_SkinClassic.o [3]
FRAMEWIN__UpdateButtons
                        0x08015989    0xe6  Code  Gb  FRAMEWIN__UpdateButtons.o [3]
FRAMEWIN__UpdatePositions
                        0x0801552b    0x6c  Code  Gb  FRAMEWIN.o [3]
FRAMEWIN__cbClient      0x08015251   0x100  Code  Lc  FRAMEWIN.o [3]
FRAMEWIN__pSkinDefault  0x200004dc     0x4  Data  Gb  FRAMEWIN.o [3]
FatFs                   0x200076d4     0x4  Data  Lc  ff.o [1]
Files                   0x200076c4     0xc  Data  Lc  ff.o [1]
Font8_1_CharInfo        0x0801b5bc   0x300  Data  Lc  F08_1.o [3]
FreeRTOS_CPU_IdleSpentTime
                        0x200076b8     0x4  Data  Gb  cpu_utils.o [1]
FreeRTOS_CPU_IdleStartTime
                        0x200076b4     0x4  Data  Gb  cpu_utils.o [1]
FreeRTOS_CPU_TotalIdleTime
                        0x200076bc     0x4  Data  Gb  cpu_utils.o [1]
FreeRTOS_CPU_Usage      0x200076b0     0x4  Data  Gb  cpu_utils.o [1]
Fsid                    0x200076d0     0x2  Data  Lc  ff.o [1]
GL_DrawBitmap           0x08015a71    0x9a  Code  Gb  GUI_DrawBitmap.o [3]
GPIO_CLK                0x08011c54     0x8  Data  Gb  stm32f429i_discovery.o [1]
GPIO_Init               0x08011ddd    0x72  Code  Gb  stm32f4xx_gpio.o [1]
GPIO_PIN                0x08011c50     0x4  Data  Gb  stm32f429i_discovery.o [1]
GPIO_PORT               0x20000588     0x8  Data  Gb  stm32f429i_discovery.o [1]
GPIO_PinAFConfig        0x08011e57    0x28  Code  Gb  stm32f4xx_gpio.o [1]
GPIO_ResetBits          0x08011e53     0x4  Code  Gb  stm32f4xx_gpio.o [1]
GPIO_SetBits            0x08011e4f     0x4  Code  Gb  stm32f4xx_gpio.o [1]
GUIMONO_DispChar        0x0801e959   0x132  Code  Gb  GUI_CharM.o [3]
GUIMONO_GetCharDistX    0x0801ea8b    0x12  Code  Gb  GUI_CharM.o [3]
GUIMONO_GetFontInfo     0x0801eaa1     0x6  Code  Gb  GUI_CharM.o [3]
GUIMONO_IsInFont        0x0801eaa7    0x36  Code  Gb  GUI_CharM.o [3]
GUIPROP_DispChar        0x0801f2a9    0xd0  Code  Gb  GUI_CharP.o [3]
GUIPROP_GetCharDistX    0x0801f379    0x46  Code  Gb  GUI_CharP.o [3]
GUIPROP_GetFontInfo     0x0801f3c5     0x6  Code  Gb  GUI_CharP.o [3]
GUIPROP_IsInFont        0x0801f3cb    0x1c  Code  Gb  GUI_CharP.o [3]
GUITASK__EntranceCnt    0x200004f0     0x4  Data  Gb  GUI_Task.o [3]
GUI_ALLOC_AllocNoInit   0x0800e7c3    0x1e  Code  Gb  GUI_Alloc.o [3]
GUI_ALLOC_AllocZero     0x0800ee35    0x32  Code  Gb  GUI_ALLOC_AllocZero.o [3]
GUI_ALLOC_Free          0x0800e8bf    0x4c  Code  Gb  GUI_Alloc.o [3]
GUI_ALLOC_FreeFixedBlock
                        0x0800e6b5    0x10  Code  Gb  GUI_Alloc.o [3]
GUI_ALLOC_FreePtr       0x0800e90b    0x1a  Code  Gb  GUI_Alloc.o [3]
GUI_ALLOC_FreePtrArray  0x0800e925    0x28  Code  Gb  GUI_Alloc.o [3]
GUI_ALLOC_GetFixedBlock
                        0x0800e6c9    0xfa  Code  Gb  GUI_Alloc.o [3]
GUI_ALLOC_GetMaxSize    0x0800e83d    0x3e  Code  Gb  GUI_Alloc.o [3]
GUI_ALLOC_GetSize       0x0800e8a7    0x18  Code  Gb  GUI_Alloc.o [3]
GUI_ALLOC_LockH         0x0800e7f1    0x22  Code  Gb  GUI_Alloc.o [3]
GUI_ALLOC_RequestSize   0x0800e87b    0x2c  Code  Gb  GUI_Alloc.o [3]
GUI_ALLOC_UnlockH       0x0800e813    0x2a  Code  Gb  GUI_Alloc.o [3]
GUI_ALLOC__Context      0x200073dc    0xbc  Data  Gb  GUI_Alloc.o [3]
GUI_ALLOC_h2p           0x0800e7e1    0x10  Code  Gb  GUI_Alloc.o [3]
GUI_BitmapMethods8888   0x08020084     0xc  Data  Gb  GUI_DrawBitmap_8888.o [3]
GUI_CharLine_pfLog2Vis  0x200005c4     0x4  Data  Gb  GUI_CharLine.o [3]
GUI_Clear               0x0800f735    0x6e  Code  Gb  GUI_Core.o [3]
GUI_ClearRect           0x0800f6cd    0x68  Code  Gb  GUI_Core.o [3]
GUI_ClearRectEx         0x0801e349    0x14  Code  Gb  GUI_ClearRectEx.o [3]
GUI_CreateDialogBox     0x08013651    0xba  Code  Gb  DIALOG.o [3]
GUI_DEVICE_Create       0x0800f803    0x62  Code  Gb  GUI_Device.o [3]
GUI_DEVICE_Delete       0x0800f7ff     0x4  Code  Gb  GUI_Device.o [3]
GUI_DEVICE_Link         0x0800f88f    0xb0  Code  Gb  GUI_Device.o [3]
GUI_DEVICE_LinkDevices  0x0800f999    0x12  Code  Gb  GUI_Device.o [3]
GUI_DEVICE_Unlink       0x0800f865    0x2a  Code  Gb  GUI_Device.o [3]
GUI_DEVICE_UnlinkTaskDevices
                        0x0800f93f    0x54  Code  Gb  GUI_Device.o [3]
GUI_DEVICE__GetpDriver  0x0800f7bd    0x42  Code  Gb  GUI_Device.o [3]
GUI_DRAW__Draw          0x0801f073    0x30  Code  Gb  GUI_DRAW.o [3]
GUI_DecChar             0x20000244     0x1  Data  Gb  GUI_Core.o [3]
GUI_DispString          0x0801e581   0x108  Code  Gb  GUI_DispString.o [3]
GUI_DispStringAt        0x0801e321    0x28  Code  Gb  GUI_DispStringAt.o [3]
GUI_DispStringInRect    0x0801e8ed    0x4a  Code  Gb  GUI_DispStringInRect.o [3]
GUI_DispStringInRectWrap
                        0x0801ec81   0x134  Code  Gb  GUI_DispStringInRectWrap.o [3]
GUI_DrawBitmap          0x08015b0b    0x64  Code  Gb  GUI_DrawBitmap.o [3]
GUI_DrawFocusRect       0x0801f0a5    0xb8  Code  Gb  GUI_DrawFocusRect.o [3]
GUI_DrawHLine           0x0801e199    0x5c  Code  Gb  GUI_DrawHLine.o [3]
GUI_DrawRect            0x0801e10d    0x86  Code  Gb  GUI_2DLib.o [3]
GUI_DrawVLine           0x0801e1f5    0x58  Code  Gb  GUI_DrawVLine.o [3]
GUI_EndDialog           0x0801370b    0x3c  Code  Gb  DIALOG.o [3]
GUI_F6x8_Mono           0x0801b27c    0x14  Data  Lc  F6x8.o [3]
GUI_F6x8_TI8859_1       0x0801b274     0x8  Data  Lc  F6x8.o [3]
GUI_F6x8_TL8859_1       0x0801b0b4   0x1c0  Data  Lc  F6x8.o [3]
GUI_FillRect            0x0801dd95    0x58  Code  Gb  GUI_FillRect.o [3]
GUI_Font13ASCII_CharInfo
                        0x0801a898   0x2f8  Data  Lc  F13_ASCII.o [3]
GUI_Font13ASCII_Prop1   0x0801ab90     0xc  Data  Gb  F13_ASCII.o [3]
GUI_Font13HB_ASCII      0x080198dc    0x24  Data  Gb  F13HB_ASCII.o [3]
GUI_Font13HB_ASCII_CharInfo
                        0x080195d8   0x2f8  Data  Gb  F13HB_ASCII.o [3]
GUI_Font13HB_ASCII_Prop1
                        0x080198d0     0xc  Data  Lc  F13HB_ASCII.o [3]
GUI_Font13_1            0x0801a260    0x24  Data  Gb  F13_1.o [3]
GUI_Font13_1_CharInfo   0x08019f54   0x300  Data  Lc  F13_1.o [3]
GUI_Font13_1_Prop1      0x0801a254     0xc  Data  Lc  F13_1.o [3]
GUI_Font24B_ASCII       0x0800b0f4    0x24  Data  Gb  F24B_ASCII.o [3]
GUI_Font24B_ASCII_CharInfo
                        0x0800adf0   0x2f8  Data  Gb  F24B_ASCII.o [3]
GUI_Font24B_ASCII_Prop1
                        0x0800b0e8     0xc  Data  Lc  F24B_ASCII.o [3]
GUI_Font6x8             0x0801b290    0x24  Data  Gb  F6x8.o [3]
GUI_Font8ASCII_Prop     0x0801bedc     0xc  Data  Gb  F08_ASCII.o [3]
GUI_Font8_1             0x0801b8c8    0x24  Data  Gb  F08_1.o [3]
GUI_Font8_1_Prop        0x0801b8bc     0xc  Data  Lc  F08_1.o [3]
GUI_Font8_ASCII_CharInfo
                        0x0801bbe4   0x2f8  Data  Lc  F08_ASCII.o [3]
GUI_GetBitsPerPixelEx   0x0800f9f9     0xe  Code  Gb  LCD_GetEx.o [3]
GUI_GetBkColor          0x0801d125    0x18  Code  Gb  GUI_GetColor.o [3]
GUI_GetCharDistX        0x0801e2b1    0x20  Code  Gb  GUI_Char.o [3]
GUI_GetCharDistXEx      0x0801e2d1    0x26  Code  Gb  GUI_Char.o [3]
GUI_GetClientRect       0x0801e937     0xa  Code  Gb  GUI_GetClientRect.o [3]
GUI_GetColor            0x0801d13d    0x18  Code  Gb  GUI_GetColor.o [3]
GUI_GetFontDistY        0x0801e29b    0x16  Code  Gb  GUI_Char.o [3]
GUI_GetStringDistX      0x0801e24d    0x14  Code  Gb  GUI_GetStringDistX.o [3]
GUI_GetYAdjust          0x0801e261    0x3a  Code  Gb  GUI_Char.o [3]
GUI_GetYSizeOfFont      0x08016645     0xa  Code  Gb  GUI_GetYSizeOfFont.o [3]
GUI_GetpfIndex2ColorEx  0x0800fa07     0xc  Code  Gb  LCD_GetEx.o [3]
GUI_GotoXY              0x0800ffc9    0x1e  Code  Gb  GUI_Goto.o [3]
GUI_Lock                0x0800ed71    0x7a  Code  Gb  GUI_Task.o [3]
GUI_MEMDEV_Clear        0x08016df1    0x48  Code  Gb  GUIDEV_Clear.o [3]
GUI_MEMDEV_Create       0x0800ec21    0x78  Code  Gb  GUIDEV.o [3]
GUI_MEMDEV_CreateFixed  0x08016d89    0x3c  Code  Gb  GUIDEV_CreateFixed.o [3]
GUI_MEMDEV_DEVICE_32    0x080187f0    0x34  Data  Gb  GUIDEV_32.o [3]
GUI_MEMDEV_Delete       0x0800ebdb    0x46  Code  Gb  GUIDEV.o [3]
GUI_MEMDEV_GetDataPtr   0x0801f609    0x26  Code  Gb  GUIDEV_GetDataPtr.o [3]
GUI_MEMDEV_GetXPos      0x08016bc5    0x32  Code  Gb  GUIDEV_GetPos.o [3]
GUI_MEMDEV_GetYPos      0x08016bf7    0x32  Code  Gb  GUIDEV_GetPos.o [3]
GUI_MEMDEV_Select       0x0800ec99    0x68  Code  Gb  GUIDEV.o [3]
GUI_MEMDEV_SetOrg       0x08016d15    0x74  Code  Gb  GUIDEV_SetOrg.o [3]
GUI_MEMDEV_Write        0x08016ca9    0x6c  Code  Gb  GUIDEV_Write.o [3]
GUI_MEMDEV_WriteAt      0x08016c2d    0x78  Code  Gb  GUIDEV_Write.o [3]
GUI_MEMDEV__CreateFixed
                        0x0800eae3    0xf8  Code  Gb  GUIDEV.o [3]
GUI_MEMDEV__WriteToActiveAlpha
                        0x0801f501   0x108  Code  Gb  GUIDEV_WriteToActiveAlpha.o [3]
GUI_MEMDEV__WriteToActiveAt
                        0x0800eaad    0x36  Code  Gb  GUIDEV.o [3]
GUI_MULTIBUF_ConfirmEx  0x0801fd3d    0x22  Code  Gb  GUI_MULTIBUF.o [3]
GUI_MergeRect           0x0800e9b5    0x54  Code  Gb  GUI_MergeRect.o [3]
GUI_MoveRect            0x0800ea51    0x1c  Code  Gb  GUI_MoveRect.o [3]
GUI_ReadRectEx          0x08018d25    0x5c  Code  Gb  LCD_ReadRect.o [3]
GUI_RectsIntersect      0x0800ed27    0x38  Code  Gb  GUI_RectsIntersect.o [3]
GUI_SelectLCD           0x0800fce9    0x1e  Code  Gb  GUI_SelectLCD.o [3]
GUI_SelectLayer         0x0800ee69    0x26  Code  Gb  GUI_SelectLayer.o [3]
GUI_SetBkColor          0x08016dc5    0x16  Code  Gb  GUI_SetColor.o [3]
GUI_SetClipRect         0x0801eee5    0x18  Code  Gb  GUI_SetClipRect.o [3]
GUI_SetColor            0x08016ddb    0x16  Code  Gb  GUI_SetColor.o [3]
GUI_SetColorIndex       0x0801d1d5    0x20  Code  Gb  GUI_SetColorIndex.o [3]
GUI_SetDrawMode         0x08016bab    0x18  Code  Gb  GUI_SetDrawMode.o [3]
GUI_SetFont             0x0801df21    0x24  Code  Gb  GUI_SetFont.o [3]
GUI_SetTextMode         0x0801e2fd    0x24  Code  Gb  GUI_SetTextMode.o [3]
GUI_SignalEvent         0x0800ea09     0xc  Code  Gb  GUI_WaitEvent.o [3]
GUI_StoreKey            0x08016285     0xc  Code  Gb  GUI_OnKey.o [3]
GUI_TIMER_Delete        0x0800fe85    0x9c  Code  Gb  GUI_Timer.o [3]
GUI_TIMER_GetFlag       0x0800ff25    0x3a  Code  Gb  GUI_Timer.o [3]
GUI_TIMER__GetFirstTimer
                        0x0800fe25    0x28  Code  Gb  GUI_Timer.o [3]
GUI_TIMER__GetNextTimerLin
                        0x0800fe4d    0x38  Code  Gb  GUI_Timer.o [3]
GUI_UC__GetCharCodeInc  0x0801e689    0x26  Code  Gb  GUI_UC.o [3]
GUI_UC__NumChars2NumBytes
                        0x0801e6af    0x26  Code  Gb  GUI_UC.o [3]
GUI_USAGE_AddRect       0x0800fd3d    0x2c  Code  Gb  GUIDEV_Usage.o [3]
GUI_USAGE_BM_AddHLine   0x0800fb03    0x72  Code  Lc  GUIDEV_UsageBM.o [3]
GUI_USAGE_BM_AddPixel   0x0800fad9    0x2a  Code  Lc  GUIDEV_UsageBM.o [3]
GUI_USAGE_BM_Clear      0x0800fb75     0xe  Code  Lc  GUIDEV_UsageBM.o [3]
GUI_USAGE_BM_Create     0x0800fc77    0x5a  Code  Gb  GUIDEV_UsageBM.o [3]
GUI_USAGE_BM_GetNextDirty
                        0x0800fb85    0xee  Code  Lc  GUIDEV_UsageBM.o [3]
GUI_USAGE_DecUseCnt     0x0800fd09    0x32  Code  Gb  GUIDEV_Usage.o [3]
GUI_Unlock              0x0800ed61    0x10  Code  Gb  GUI_Task.o [3]
GUI_X_GetTaskId         0x0800fdd5     0x4  Code  Gb  GUI_X_FreeRTOS.o [1]
GUI_X_Lock              0x0800fd9b    0x3a  Code  Gb  GUI_X_FreeRTOS.o [1]
GUI_X_Unlock            0x0800fd8d     0xe  Code  Gb  GUI_X_FreeRTOS.o [1]
GUI__AllocAlphaBuffer   0x08018b09    0x70  Code  Gb  GUI__Alpha.o [3]
GUI__CalcTextRect       0x0801df45    0x96  Code  Gb  GUI__CalcTextRect.o [3]
GUI__CompactPixelIndicesEx
                        0x0801f15d   0x14c  Code  Gb  GUI__CompactPixelIndices.o [3]
GUI__Context            0x200001c4    0x78  Data  Lc  GUI_Core.o [3]
GUI__DispLine           0x0801e417   0x156  Code  Gb  GUI_CharLine.o [3]
GUI__DispStringInRect   0x0801e7a1   0x148  Code  Gb  GUI_DispStringInRect.o [3]
GUI__DoAlphaBlending    0x080188b5   0x254  Code  Gb  GUI__Alpha.o [3]
GUI__ExpandPixelIndicesEx
                        0x08018d85   0x14e  Code  Gb  GUI__ExpandPixelIndices.o [3]
GUI__GetLineDistX       0x0801e3b5    0x62  Code  Gb  GUI_CharLine.o [3]
GUI__GetLineNumChars    0x0801e37b    0x3a  Code  Gb  GUI_CharLine.o [3]
GUI__GetNumChars        0x0801e35d    0x1c  Code  Gb  GUI__GetNumChars.o [3]
GUI__HandleEOLine       0x0801e941    0x16  Code  Gb  GUI__HandleEOLine.o [3]
GUI__IntersectRect      0x0800ea6d    0x40  Code  Gb  GUI__IntersectRect.o [3]
GUI__IntersectRects     0x0800e955    0x60  Code  Gb  GUI__IntersectRects.o [3]
GUI__ManageCache        0x0801e78f     0xa  Code  Gb  GUI__ManageCache.o [3]
GUI__ManageCacheEx      0x0801e6d9    0xb6  Code  Gb  GUI__ManageCache.o [3]
GUI__MixColors          0x0801884d    0x68  Code  Gb  GUI__Alpha.o [3]
GUI__ReduceRect         0x08016fdd    0x1a  Code  Gb  GUI__ReduceRect.o [3]
GUI__RegisterExit       0x0800f7a3     0xe  Code  Gb  GUI_Core.o [3]
GUI__SetPixelAlpha      0x0801d155    0x68  Code  Gb  GUI__SetPixelAlpha.o [3]
GUI__SetText            0x08015ff9    0x70  Code  Gb  GUI__SetText.o [3]
GUI__WrapGetNumBytesToNextLine
                        0x0801ee61    0x7c  Code  Gb  GUI__Wrap.o [3]
[...]
acFont24B_ASCII_002D    0x08009ff8    0x18  Data  Lc  F24B_ASCII.o [3]
acFont24B_ASCII_002E    0x0800a010    0x18  Data  Lc  F24B_ASCII.o [3]
acFont24B_ASCII_002F    0x0800a028    0x18  Data  Lc  F24B_ASCII.o [3]
acFont24B_ASCII_0030    0x0800a040    0x30  Data  Lc  F24B_ASCII.o [3]
acFont24B_ASCII_0031    0x0800a070    0x30  Data  Lc  F24B_ASCII.o [3]
acFont24B_ASCII_0032    0x0800a0a0    0x30  Data  Lc  F24B_ASCII.o [3]
acFont24B_ASCII_0033    0x0800a0d0    0x30  Data  Lc  F24B_ASCII.o [3]
acFont24B_ASCII_0034    0x0800a100    0x30  Data  Lc  F24B_ASCII.o [3]
acFont24B_ASCII_0035    0x0800a130    0x30  Data  Lc  F24B_ASCII.o [3]
acFont24B_ASCII_0036    0x0800a160    0x30  Data  Lc  F24B_ASCII.o [3]
acFont24B_ASCII_0037    0x0800a190    0x30  Data  Lc  F24B_ASCII.o [3]
acFont24B_ASCII_0038    0x0800a1c0    0x30  Data  Lc  F24B_ASCII.o [3]
acFont24B_ASCII_0039    0x0800a1f0    0x30  Data  Lc  F24B_ASCII.o [3]
acFont24B_ASCII_003A    0x0800a220    0x18  Data  Lc  F24B_ASCII.o [3]
acFont24B_ASCII_003B    0x0800a238    0x18  Data  Lc  F24B_ASCII.o [3]
acFont24B_ASCII_003C    0x0800a250    0x30  Data  Lc  F24B_ASCII.o [3]
acFont24B_ASCII_003D    0x0800a280    0x30  Data  Lc  F24B_ASCII.o [3]
acFont24B_ASCII_003E    0x0800a2b0    0x30  Data  Lc  F24B_ASCII.o [3]
acFont24B_ASCII_003F    0x0800a2e0    0x30  Data  Lc  F24B_ASCII.o [3]
acFont24B_ASCII_0040    0x0800a310    0x48  Data  Lc  F24B_ASCII.o [3]
acFont24B_ASCII_0041    0x0800a358    0x30  Data  Lc  F24B_ASCII.o [3]
acFont24B_ASCII_0042    0x0800a388    0x30  Data  Lc  F24B_ASCII.o [3]
acFont24B_ASCII_0043    0x0800a3b8    0x30  Data  Lc  F24B_ASCII.o [3]
acFont24B_ASCII_0044    0x0800a3e8    0x30  Data  Lc  F24B_ASCII.o [3]
acFont24B_ASCII_0045    0x0800a418    0x30  Data  Lc  F24B_ASCII.o [3]
acFont24B_ASCII_0046    0x0800a448    0x30  Data  Lc  F24B_ASCII.o [3]
acFont24B_ASCII_0047    0x0800a478    0x30  Data  Lc  F24B_ASCII.o [3]
acFont24B_ASCII_0048    0x0800a4a8    0x30  Data  Lc  F24B_ASCII.o [3]
acFont24B_ASCII_0049    0x0800a4d8    0x18  Data  Lc  F24B_ASCII.o [3]
acFont24B_ASCII_004A    0x0800a4f0    0x30  Data  Lc  F24B_ASCII.o [3]
acFont24B_ASCII_004B    0x0800a520    0x30  Data  Lc  F24B_ASCII.o [3]
acFont24B_ASCII_004C    0x0800a550    0x30  Data  Lc  F24B_ASCII.o [3]
acFont24B_ASCII_004D    0x0800a580    0x48  Data  Lc  F24B_ASCII.o [3]
acFont24B_ASCII_004E    0x0800a5c8    0x30  Data  Lc  F24B_ASCII.o [3]
acFont24B_ASCII_004F    0x0800a5f8    0x30  Data  Lc  F24B_ASCII.o [3]
acFont24B_ASCII_0050    0x0800a628    0x30  Data  Lc  F24B_ASCII.o [3]
acFont24B_ASCII_0051    0x0800a658    0x30  Data  Lc  F24B_ASCII.o [3]
acFont24B_ASCII_0052    0x0800a688    0x30  Data  Lc  F24B_ASCII.o [3]
acFont24B_ASCII_0053    0x0800a6b8    0x30  Data  Lc  F24B_ASCII.o [3]
acFont24B_ASCII_0054    0x0800a6e8    0x30  Data  Lc  F24B_ASCII.o [3]
acFont24B_ASCII_0055    0x0800a718    0x30  Data  Lc  F24B_ASCII.o [3]
acFont24B_ASCII_0056    0x0800a748    0x30  Data  Lc  F24B_ASCII.o [3]
acFont24B_ASCII_0057    0x0800a778    0x48  Data  Lc  F24B_ASCII.o [3]
acFont24B_ASCII_0058    0x0800a7c0    0x30  Data  Lc  F24B_ASCII.o [3]
acFont24B_ASCII_0059    0x0800a7f0    0x30  Data  Lc  F24B_ASCII.o [3]
acFont24B_ASCII_005A    0x0800a820    0x30  Data  Lc  F24B_ASCII.o [3]
acFont24B_ASCII_005B    0x0800a850    0x18  Data  Lc  F24B_ASCII.o [3]
acFont24B_ASCII_005C    0x0800a868    0x18  Data  Lc  F24B_ASCII.o [3]
acFont24B_ASCII_005D    0x0800a880    0x18  Data  Lc  F24B_ASCII.o [3]
acFont24B_ASCII_005E    0x0800a898    0x30  Data  Lc  F24B_ASCII.o [3]
acFont24B_ASCII_005F    0x0800a8c8    0x30  Data  Lc  F24B_ASCII.o [3]
acFont24B_ASCII_0060    0x0800a8f8    0x18  Data  Lc  F24B_ASCII.o [3]
acFont24B_ASCII_0061    0x0800a910    0x30  Data  Lc  F24B_ASCII.o [3]
acFont24B_ASCII_0062    0x0800a940    0x30  Data  Lc  F24B_ASCII.o [3]
acFont24B_ASCII_0063    0x0800a970    0x30  Data  Lc  F24B_ASCII.o [3]
acFont24B_ASCII_0064    0x0800a9a0    0x30  Data  Lc  F24B_ASCII.o [3]
acFont24B_ASCII_0065    0x0800a9d0    0x30  Data  Lc  F24B_ASCII.o [3]
acFont24B_ASCII_0066    0x0800aa00    0x18  Data  Lc  F24B_ASCII.o [3]
acFont24B_ASCII_0067    0x0800aa18    0x30  Data  Lc  F24B_ASCII.o [3]
acFont24B_ASCII_0068    0x0800aa48    0x30  Data  Lc  F24B_ASCII.o [3]
acFont24B_ASCII_0069    0x0800aa78    0x18  Data  Lc  F24B_ASCII.o [3]
acFont24B_ASCII_006A    0x0800aa90    0x18  Data  Lc  F24B_ASCII.o [3]
acFont24B_ASCII_006B    0x0800aaa8    0x30  Data  Lc  F24B_ASCII.o [3]
acFont24B_ASCII_006C    0x0800aad8    0x18  Data  Lc  F24B_ASCII.o [3]
acFont24B_ASCII_006D    0x0800aaf0    0x48  Data  Lc  F24B_ASCII.o [3]
acFont24B_ASCII_006E    0x0800ab38    0x30  Data  Lc  F24B_ASCII.o [3]
acFont24B_ASCII_006F    0x0800ab68    0x30  Data  Lc  F24B_ASCII.o [3]
acFont24B_ASCII_0070    0x0800ab98    0x30  Data  Lc  F24B_ASCII.o [3]
acFont24B_ASCII_0071    0x0800abc8    0x30  Data  Lc  F24B_ASCII.o [3]
acFont24B_ASCII_0072    0x0800abf8    0x18  Data  Lc  F24B_ASCII.o [3]
acFont24B_ASCII_0073    0x0800ac10    0x30  Data  Lc  F24B_ASCII.o [3]
acFont24B_ASCII_0074    0x0800ac40    0x18  Data  Lc  F24B_ASCII.o [3]
acFont24B_ASCII_0075    0x0800ac58    0x30  Data  Lc  F24B_ASCII.o [3]
acFont24B_ASCII_0076    0x0800ac88    0x30  Data  Lc  F24B_ASCII.o [3]
acFont24B_ASCII_0077    0x0800acb8    0x30  Data  Lc  F24B_ASCII.o [3]
acFont24B_ASCII_0078    0x0800ace8    0x30  Data  Lc  F24B_ASCII.o [3]
acFont24B_ASCII_0079    0x0800ad18    0x30  Data  Lc  F24B_ASCII.o [3]
acFont24B_ASCII_007A    0x0800ad48    0x30  Data  Lc  F24B_ASCII.o [3]
acFont24B_ASCII_007B    0x0800ad78    0x18  Data  Lc  F24B_ASCII.o [3]
acFont24B_ASCII_007C    0x0800ad90    0x18  Data  Lc  F24B_ASCII.o [3]
acFont24B_ASCII_007D    0x0800ada8    0x18  Data  Lc  F24B_ASCII.o [3]
acFont24B_ASCII_007E    0x0800adc0    0x30  Data  Lc  F24B_ASCII.o [3]
acFont8ASCII            0x0801b8ec   0x2f8  Data  Lc  F08_ASCII.o [3]
acFont8_1_160           0x0801b2b4     0x8  Data  Lc  F08_1.o [3]
acFont8_1_161           0x0801b2bc     0x8  Data  Lc  F08_1.o [3]
acFont8_1_162           0x0801b2c4     0x8  Data  Lc  F08_1.o [3]
acFont8_1_163           0x0801b2cc     0x8  Data  Lc  F08_1.o [3]
acFont8_1_164           0x0801b2d4     0x8  Data  Lc  F08_1.o [3]
acFont8_1_165           0x0801b2dc     0x8  Data  Lc  F08_1.o [3]
acFont8_1_166           0x0801b2e4     0x8  Data  Lc  F08_1.o [3]
acFont8_1_167           0x0801b2ec     0x8  Data  Lc  F08_1.o [3]
acFont8_1_168           0x0801b2f4     0x8  Data  Lc  F08_1.o [3]
acFont8_1_169           0x0801b2fc     0x8  Data  Lc  F08_1.o [3]
acFont8_1_170           0x0801b304     0x8  Data  Lc  F08_1.o [3]
acFont8_1_171           0x0801b30c     0x8  Data  Lc  F08_1.o [3]
acFont8_1_172           0x0801b314     0x8  Data  Lc  F08_1.o [3]
acFont8_1_173           0x0801b31c     0x8  Data  Lc  F08_1.o [3]
acFont8_1_174           0x0801b324     0x8  Data  Lc  F08_1.o [3]
acFont8_1_175           0x0801b32c     0x8  Data  Lc  F08_1.o [3]
acFont8_1_176           0x0801b334     0x8  Data  Lc  F08_1.o [3]
acFont8_1_177           0x0801b33c     0x8  Data  Lc  F08_1.o [3]
acFont8_1_178           0x0801b344     0x8  Data  Lc  F08_1.o [3]
acFont8_1_179           0x0801b34c     0x8  Data  Lc  F08_1.o [3]
acFont8_1_180           0x0801b354     0x8  Data  Lc  F08_1.o [3]
acFont8_1_181           0x0801b35c     0x8  Data  Lc  F08_1.o [3]
acFont8_1_182           0x0801b364     0x8  Data  Lc  F08_1.o [3]
acFont8_1_183           0x0801b36c     0x8  Data  Lc  F08_1.o [3]
acFont8_1_184           0x0801b374     0x8  Data  Lc  F08_1.o [3]
acFont8_1_185           0x0801b37c     0x8  Data  Lc  F08_1.o [3]
acFont8_1_186           0x0801b384     0x8  Data  Lc  F08_1.o [3]
acFont8_1_187           0x0801b38c     0x8  Data  Lc  F08_1.o [3]
acFont8_1_188           0x0801b394     0x8  Data  Lc  F08_1.o [3]
acFont8_1_189           0x0801b39c     0x8  Data  Lc  F08_1.o [3]
acFont8_1_190           0x0801b3a4     0x8  Data  Lc  F08_1.o [3]
acFont8_1_191           0x0801b3ac     0x8  Data  Lc  F08_1.o [3]
acFont8_1_192           0x0801b3b4     0x8  Data  Lc  F08_1.o [3]
acFont8_1_193           0x0801b3bc     0x8  Data  Lc  F08_1.o [3]
acFont8_1_194           0x0801b3c4     0x8  Data  Lc  F08_1.o [3]
acFont8_1_195           0x0801b3cc     0x8  Data  Lc  F08_1.o [3]
acFont8_1_196           0x0801b3d4     0x8  Data  Lc  F08_1.o [3]
acFont8_1_197           0x0801b3dc     0x8  Data  Lc  F08_1.o [3]
acFont8_1_198           0x0801b3e4     0x8  Data  Lc  F08_1.o [3]
acFont8_1_199           0x0801b3ec     0x8  Data  Lc  F08_1.o [3]
acFont8_1_200           0x0801b3f4     0x8  Data  Lc  F08_1.o [3]
acFont8_1_201           0x0801b3fc     0x8  Data  Lc  F08_1.o [3]
acFont8_1_202           0x0801b404     0x8  Data  Lc  F08_1.o [3]
acFont8_1_203           0x0801b40c     0x8  Data  Lc  F08_1.o [3]
acFont8_1_204           0x0801b414     0x8  Data  Lc  F08_1.o [3]
acFont8_1_205           0x0801b41c     0x8  Data  Lc  F08_1.o [3]
acFont8_1_206           0x0801b424     0x8  Data  Lc  F08_1.o [3]
acFont8_1_207           0x0801b42c     0x8  Data  Lc  F08_1.o [3]
acFont8_1_208           0x0801b434     0x8  Data  Lc  F08_1.o [3]
acFont8_1_209           0x0801b43c     0x8  Data  Lc  F08_1.o [3]
acFont8_1_210           0x0801b444     0x8  Data  Lc  F08_1.o [3]
acFont8_1_211           0x0801b44c     0x8  Data  Lc  F08_1.o [3]
acFont8_1_212           0x0801b454     0x8  Data  Lc  F08_1.o [3]
acFont8_1_213           0x0801b45c     0x8  Data  Lc  F08_1.o [3]
acFont8_1_214           0x0801b464     0x8  Data  Lc  F08_1.o [3]
acFont8_1_215           0x0801b46c     0x8  Data  Lc  F08_1.o [3]
acFont8_1_216           0x0801b474     0x8  Data  Lc  F08_1.o [3]
acFont8_1_217           0x0801b47c     0x8  Data  Lc  F08_1.o [3]
acFont8_1_218           0x0801b484     0x8  Data  Lc  F08_1.o [3]
acFont8_1_219           0x0801b48c     0x8  Data  Lc  F08_1.o [3]
acFont8_1_220           0x0801b494     0x8  Data  Lc  F08_1.o [3]
acFont8_1_221           0x0801b49c     0x8  Data  Lc  F08_1.o [3]
acFont8_1_222           0x0801b4a4     0x8  Data  Lc  F08_1.o [3]
acFont8_1_223           0x0801b4ac     0x8  Data  Lc  F08_1.o [3]
acFont8_1_224           0x0801b4b4     0x8  Data  Lc  F08_1.o [3]
acFont8_1_225           0x0801b4bc     0x8  Data  Lc  F08_1.o [3]
acFont8_1_226           0x0801b4c4     0x8  Data  Lc  F08_1.o [3]
acFont8_1_227           0x0801b4cc     0x8  Data  Lc  F08_1.o [3]
acFont8_1_228           0x0801b4d4     0x8  Data  Lc  F08_1.o [3]
acFont8_1_229           0x0801b4dc     0x8  Data  Lc  F08_1.o [3]
acFont8_1_230           0x0801b4e4    0x10  Data  Lc  F08_1.o [3]
acFont8_1_231           0x0801b4f4     0x8  Data  Lc  F08_1.o [3]
acFont8_1_232           0x0801b4fc     0x8  Data  Lc  F08_1.o [3]
acFont8_1_233           0x0801b504     0x8  Data  Lc  F08_1.o [3]
acFont8_1_234           0x0801b50c     0x8  Data  Lc  F08_1.o [3]
acFont8_1_235           0x0801b514     0x8  Data  Lc  F08_1.o [3]
acFont8_1_236           0x0801b51c     0x8  Data  Lc  F08_1.o [3]
acFont8_1_237           0x0801b524     0x8  Data  Lc  F08_1.o [3]
acFont8_1_238           0x0801b52c     0x8  Data  Lc  F08_1.o [3]
acFont8_1_239           0x0801b534     0x8  Data  Lc  F08_1.o [3]
acFont8_1_240           0x0801b53c     0x8  Data  Lc  F08_1.o [3]
acFont8_1_241           0x0801b544     0x8  Data  Lc  F08_1.o [3]
acFont8_1_242           0x0801b54c     0x8  Data  Lc  F08_1.o [3]
acFont8_1_243           0x0801b554     0x8  Data  Lc  F08_1.o [3]
acFont8_1_244           0x0801b55c     0x8  Data  Lc  F08_1.o [3]
acFont8_1_245           0x0801b564     0x8  Data  Lc  F08_1.o [3]
acFont8_1_246           0x0801b56c     0x8  Data  Lc  F08_1.o [3]
acFont8_1_247           0x0801b574     0x8  Data  Lc  F08_1.o [3]
acFont8_1_248           0x0801b57c     0x8  Data  Lc  F08_1.o [3]
acFont8_1_249           0x0801b584     0x8  Data  Lc  F08_1.o [3]
acFont8_1_250           0x0801b58c     0x8  Data  Lc  F08_1.o [3]
acFont8_1_251           0x0801b594     0x8  Data  Lc  F08_1.o [3]
acFont8_1_252           0x0801b59c     0x8  Data  Lc  F08_1.o [3]
acFont8_1_253           0x0801b5a4     0x8  Data  Lc  F08_1.o [3]
acFont8_1_254           0x0801b5ac     0x8  Data  Lc  F08_1.o [3]
acFont8_1_255           0x0801b5b4     0x8  Data  Lc  F08_1.o [3]
alarm_now               0x200005c9     0x1  Data  Gb  rtc.o [1]
alarm_set               0x200074d8     0x4  Data  Gb  demo_clock.o [1]
bmalarmclock            0x08011a18    0x14  Data  Gb  demo_clock.o [1]
demo_mode               0x20007768     0x4  Data  Gb  main.o [1]
div                     0x0800ce29     0xe  Code  Gb  div.o [4]
exit                    0x0802001b     0x4  Code  Gb  exit.o [4]
f_mount                 0x08012fa9    0x40  Code  Gb  ff.o [1]
ff_cre_syncobj          0x08014591    0x12  Code  Gb  syscall.o [1]
ff_del_syncobj          0x080145a3     0xe  Code  Gb  syscall.o [1]
free                    0x0800c491    0x7a  Code  Gb  xxmemxfree.o [4]
hNumPad                 0x200074d4     0x4  Data  Gb  demo_clock.o [1]
localeconv              0x0800cdf7    0x16  Code  Gb  localeconv.o [4]
main                    0x080116e9    0x56  Code  Gb  main.o [1]
malloc                  0x0800c34d    0xac  Code  Gb  xxmemxmalloc.o [4]
memchr                  0x0800c2e9          Code  Gb  memchr.o [6]
prvCopyDataFromQueue    0x0801057b    0x26  Code  Lc  queue.o [1]
prvCopyDataToQueue      0x08010513    0x68  Code  Lc  queue.o [1]
prvIdleTask             0x08010e55    0x68  Code  Lc  tasks.o [1]
prvTimerTask            0x080113a1   0x21c  Code  Lc  timers.o [1]
prvUnlockQueue          0x080105a5    0x68  Code  Lc  queue.o [1]
pvPortMalloc            0x08010fad   0x100  Code  Gb  heap_2.o [1]
pxCurrentTCB            0x2000003c     0x4  Data  Gb  tasks.o [1]
pxCurrentTimerList      0x20007608     0x4  Data  Lc  timers.o [1]
pxDelayedTaskList       0x20000130     0x4  Data  Lc  tasks.o [1]
pxOverflowDelayedTaskList
                        0x20000134     0x4  Data  Lc  tasks.o [1]
pxOverflowTimerList     0x2000760c     0x4  Data  Lc  timers.o [1]
pxPortInitialiseStack   0x080111d5    0x20  Code  Gb  port_cm4.o [1]
pxReadyTasksLists       0x20000040    0xf0  Data  Lc  tasks.o [1]
sprintf                 0x08012fed    0x34  Code  Gb  sprintf.o [4]
strchr                  0x0800c299          Code  Gb  strchr.o [6]
strlen                  0x0800c2b1          Code  Gb  strlen.o [6]
tmpCC4                  0x20007770     0x4  Data  Gb  stm32xxx_it.o [1]
uxCriticalNesting       0x200005a8     0x4  Data  Lc  port_cm4.o [1]
uxCurrentNumberOfTasks  0x2000013c     0x4  Data  Lc  tasks.o [1]
uxMissedTicks           0x20000154     0x4  Data  Lc  tasks.o [1]
uxSchedulerSuspended    0x20000150     0x4  Data  Lc  tasks.o [1]
uxTaskNumber            0x20000160     0x4  Data  Lc  tasks.o [1]
uxTasksDeleted          0x20000138     0x4  Data  Lc  tasks.o [1]
uxTopReadyPriority      0x20000148     0x4  Data  Lc  tasks.o [1]
uxTopUsedPriority       0x20000144     0x4  Data  Lc  tasks.o [1]
vApplicationIdleHook    0x08011669    0x10  Code  Gb  cpu_utils.o [1]
vApplicationMallocFailedHook
                        0x080117a5     0x2  Code  Gb  main.o [1]
vApplicationTickHook    0x08011679    0x36  Code  Gb  cpu_utils.o [1]
vListInitialise         0x0801110d    0x1a  Code  Gb  list.o [1]
vListInitialiseItem     0x08011127     0x6  Code  Gb  list.o [1]
vListInsert             0x08011149    0x68  Code  Gb  list.o [1]
vListInsertEnd          0x0801112d    0x1c  Code  Gb  list.o [1]
vListRemove             0x080111b1    0x24  Code  Gb  list.o [1]
vPortClearInterruptMask
                        0x0801161d          Code  Gb  portasm_cm4.o [1]
vPortEnableVFP          0x0801164d          Code  Gb  portasm_cm4.o [1]
vPortEnterCritical      0x08011241    0x14  Code  Gb  port_cm4.o [1]
vPortExitCritical       0x08011255    0x10  Code  Gb  port_cm4.o [1]
vPortFree               0x080110ad    0x58  Code  Gb  heap_2.o [1]
vPortSVCHandler         0x08011627          Code  Gb  portasm_cm4.o [1]
vPortSetInterruptMask   0x08011613          Code  Gb  portasm_cm4.o [1]
vPortStartFirstTask     0x0801163f          Code  Gb  portasm_cm4.o [1]
vPortYieldFromISR       0x08011237     0xa  Code  Gb  port_cm4.o [1]
vQueueDelete            0x080104ff    0x14  Code  Gb  queue.o [1]
vQueueWaitForMessageRestricted
                        0x0801060d    0x40  Code  Gb  queue.o [1]
vTaskDelay              0x080107bb    0x64  Code  Gb  tasks.o [1]
vTaskIncrementTick      0x08010b1f    0xe0  Code  Gb  tasks.o [1]
vTaskMissedYield        0x08010e4b     0xa  Code  Gb  tasks.o [1]
vTaskPlaceOnEventList   0x08010cc1    0x70  Code  Gb  tasks.o [1]
vTaskPlaceOnEventListRestricted
                        0x08010d31    0x58  Code  Gb  tasks.o [1]
vTaskPriorityDisinherit
                        0x08010f47    0x44  Code  Gb  tasks.o [1]
vTaskPriorityInherit    0x08010edd    0x6a  Code  Gb  tasks.o [1]
vTaskSetTimeOutState    0x08010ddf    0x10  Code  Gb  tasks.o [1]
vTaskStartScheduler     0x0801081f   0x168  Code  Gb  tasks.o [1]
vTaskSuspendAll         0x08010987    0x10  Code  Gb  tasks.o [1]
vTaskSwitchContext      0x08010c01    0xc0  Code  Gb  tasks.o [1]
xActiveTimerList1       0x20007618    0x14  Data  Lc  timers.o [1]
xActiveTimerList2       0x2000762c    0x14  Data  Lc  timers.o [1]
xDelayedTaskList1       0x20000168    0x14  Data  Lc  tasks.o [1]
xDelayedTaskList2       0x2000017c    0x14  Data  Lc  tasks.o [1]
xEnd                    0x200005d0     0x8  Data  Lc  heap_2.o [1]
xFreeBytesRemaining     0x2000056c     0x4  Data  Lc  heap_2.o [1]
xHeap                   0x200005d8  0x5000  Data  Lc  heap_2.o [1]
xIdleHandle             0x200076ac     0x4  Data  Gb  cpu_utils.o [1]
xMissedYield            0x20000158     0x4  Data  Lc  tasks.o [1]
xNextTaskUnblockTime    0x20000164     0x4  Data  Lc  tasks.o [1]
xNumOfOverflows         0x2000015c     0x4  Data  Lc  tasks.o [1]
xPendingReadyList       0x20000000    0x14  Data  Lc  tasks.o [1]
xPortPendSVHandler      0x080115c9          Code  Gb  portasm_cm4.o [1]
xPortStartScheduler     0x080111f5    0x42  Code  Gb  port_cm4.o [1]
xPortSysTickHandler     0x08011265    0x1e  Code  Gb  port_cm4.o [1]
xQueueCreateMutex       0x080100a9   0x10c  Code  Gb  queue.o [1]
xQueueGenericCreate     0x08010031    0x78  Code  Gb  queue.o [1]
xQueueGenericReceive    0x08010341   0x1be  Code  Gb  queue.o [1]
xQueueGenericSend       0x080101b5   0x18a  Code  Gb  queue.o [1]
xQueueMutex             0x20007724     0x4  Data  Lc  GUI_X_FreeRTOS.o [1]
xSchedulerRunning       0x2000014c     0x4  Data  Lc  tasks.o [1]
xSemaTxDone             0x20007728     0x4  Data  Lc  GUI_X_FreeRTOS.o [1]
xStart                  0x20000564     0x8  Data  Lc  heap_2.o [1]
xSuspendedTaskList      0x20000028    0x14  Data  Lc  tasks.o [1]
xTaskCheckForTimeOut    0x08010df5    0x56  Code  Gb  tasks.o [1]
xTaskGenericCreate      0x0801064d   0x16e  Code  Gb  tasks.o [1]
xTaskGetCurrentTaskHandle
                        0x08010ebd     0x6  Code  Gb  tasks.o [1]
xTaskGetSchedulerState  0x08010ec3    0x1a  Code  Gb  tasks.o [1]
xTaskGetTickCount       0x08010b09    0x16  Code  Gb  tasks.o [1]
xTaskRemoveFromEventList
                        0x08010d89    0x56  Code  Gb  tasks.o [1]
xTaskResumeAll          0x08010999   0x170  Code  Gb  tasks.o [1]
xTasksWaitingTermination
                        0x20000014    0x14  Data  Lc  tasks.o [1]
xTickCount              0x20000140     0x4  Data  Lc  tasks.o [1]
xTimerCreateTimerTask   0x0801133d    0x62  Code  Gb  timers.o [1]
xTimerQueue             0x20007610     0x4  Data  Lc  timers.o [1]


[1] = D:\STM32F429I-Discovery_FW_V1.0.1\STM32F429I-Discovery_FW_V1.0.1\Projects\Demonstration\EWARM\STM32F429I-Discovery_Demo\Obj
[2] = command line
[3] = STemWin522_4x9i_CM4_OS_IAR.a
[4] = dl7M_tlf.a
[5] = m7M_tls.a
[6] = rt7M_tl.a
[7] = shb_l.a

  73 384 bytes of readonly  code memory
  58 690 bytes of readonly  data memory
  42 397 bytes of readwrite data memory

Errors: none
Warnings: none
